******************************************************************************
                  TI ARM Linker PC v20.2.7                     
******************************************************************************
>> Linked Mon Jan 26 16:58:47 2026

OUTPUT FILE NAME:   <Lab2.2.out>
ENTRY POINT SYMBOL: "_c_int00_noinit_noargs"  address: 0000095d


MEMORY CONFIGURATION

         name            origin    length      used     unused   attr    fill
----------------------  --------  ---------  --------  --------  ----  --------
  FLASH                 00000000   00040000  00000b42  0003f4be  R  X
  SRAM                  20000000   00008000  00000200  00007e00  RW X


SEGMENT ALLOCATION MAP

run origin  load origin   length   init length attrs members
----------  ----------- ---------- ----------- ----- -------
00000000    00000000    00000b44   00000b44    r-x
  00000000    00000000    0000026c   0000026c    r-- .intvecs
  0000026c    0000026c    000007da   000007da    r-x .text
  00000a48    00000a48    000000fc   000000fc    r-- .const
20000000    20000000    00000200   00000000    rw-
  20000000    20000000    00000200   00000000    rw- .stack


SECTION ALLOCATION MAP

 output                                  attributes/
section   page    origin      length       input sections
--------  ----  ----------  ----------   ----------------
.intvecs   0    00000000    0000026c     
                  00000000    0000026c     tm4c123gh6pm_startup_ccs.obj (.intvecs)

.text      0    0000026c    000007da     
                  0000026c    0000016c     driverlib.lib : gpio.obj (.text:GPIOPadConfigSet)
                  000003d8    00000158     main.obj (.text)
                  00000530    00000118     driverlib.lib : sysctl.obj (.text:SysCtlClockGet)
                  00000648    000000f4                   : sysctl.obj (.text:SysCtlClockSet)
                  0000073c    0000007a                   : adc.obj (.text:ADCSequenceStepConfigure)
                  000007b6    0000004e                   : adc.obj (.text:ADCSequenceConfigure)
                  00000804    0000004c                   : gpio.obj (.text:GPIOPinConfigure)
                  00000850    0000003c                   : ssi.obj (.text:SSIConfigSetExpClk)
                  0000088c    00000038                   : sysctl.obj (.text:SysCtlPeripheralReady)
                  000008c4    00000038     rtsv7M4_T_le_v4SPD16_eabi.lib : fs_tod_t2.asm.obj (.text)
                  000008fc    00000034     driverlib.lib : sysctl.obj (.text:SysCtlPeripheralEnable)
                  00000930    0000002c                   : gpio.obj (.text:GPIODirModeSet)
                  0000095c    0000002c     rtsv7M4_T_le_v4SPD16_eabi.lib : boot_cortex_m.c.obj (.text:_c_int00_noinit_noargs:_c_int00_noinit_noargs)
                  00000988    0000001e     driverlib.lib : adc.obj (.text:ADCSequenceDataGet)
                  000009a6    00000018                   : adc.obj (.text:ADCProcessorTrigger)
                  000009be    00000016                   : gpio.obj (.text:GPIOPinTypeADC)
                  000009d4    00000016                   : gpio.obj (.text:GPIOPinTypeSSI)
                  000009ea    0000000e                   : adc.obj (.text:ADCSequenceDisable)
                  000009f8    0000000e                   : adc.obj (.text:ADCSequenceEnable)
                  00000a06    0000000c     tm4c123gh6pm_startup_ccs.obj (.text)
                  00000a12    0000000a     driverlib.lib : adc.obj (.text:ADCIntClear)
                  00000a1c    0000000a                   : ssi.obj (.text:SSIDataPut)
                  00000a26    0000000a                   : ssi.obj (.text:SSIEnable)
                  00000a30    00000008                   : ssi.obj (.text:SSIBusy)
                  00000a38    00000006                   : sysctl.obj (.text:SysCtlDelay)
                  00000a3e    00000004     rtsv7M4_T_le_v4SPD16_eabi.lib : pre_init.c.obj (.text:_system_pre_init)
                  00000a42    00000004                                   : exit.c.obj (.text:abort:abort)

.const     0    00000a48    000000fc     
                  00000a48    00000090     driverlib.lib : gpio.obj (.const:g_pui32GPIOBaseAddrs)
                  00000ad8    0000006c                   : sysctl.obj (.const:g_pui32Xtals)

.cinit     0    00000000    00000000     UNINITIALIZED

.init_array 
*          0    00000000    00000000     UNINITIALIZED

.stack     0    20000000    00000200     UNINITIALIZED
                  20000000    00000004     rtsv7M4_T_le_v4SPD16_eabi.lib : boot_cortex_m.c.obj (.stack)
                  20000004    000001fc     --HOLE--

__llvm_prf_cnts 
*          0    20000000    00000000     UNINITIALIZED

MODULE SUMMARY

       Module                         code   ro data   rw data
       ------                         ----   -------   -------
    .\
       tm4c123gh6pm_startup_ccs.obj   12     620       0      
       main.obj                       344    0         0      
    +--+------------------------------+------+---------+---------+
       Total:                         356    620       0      
                                                              
    C:/ti/TivaWare_C_Series-2.2.0.295/driverlib/ccs/Debug/driverlib.lib
       sysctl.obj                     638    108       0      
       gpio.obj                       528    144       0      
       adc.obj                        292    0         0      
       ssi.obj                        88     0         0      
    +--+------------------------------+------+---------+---------+
       Total:                         1546   252       0      
                                                              
    C:\ti\ccs1250\ccs\tools\compiler\ti-cgt-arm_20.2.7.LTS\lib\rtsv7M4_T_le_v4SPD16_eabi.lib
       fs_tod_t2.asm.obj              56     0         0      
       boot_cortex_m.c.obj            44     0         0      
       exit.c.obj                     4      0         0      
       pre_init.c.obj                 4      0         0      
    +--+------------------------------+------+---------+---------+
       Total:                         108    0         0      
                                                              
       Stack:                         0      0         512    
    +--+------------------------------+------+---------+---------+
       Grand Total:                   2010   872       512    


GLOBAL SYMBOLS: SORTED ALPHABETICALLY BY Name 

address   name                    
-------   ----                    
00000a13  ADCIntClear             
000009a7  ADCProcessorTrigger     
000007b7  ADCSequenceConfigure    
00000989  ADCSequenceDataGet      
000009eb  ADCSequenceDisable      
000009f9  ADCSequenceEnable       
0000073d  ADCSequenceStepConfigure
00000a43  C$$EXIT                 
00000931  GPIODirModeSet          
0000026d  GPIOPadConfigSet        
00000805  GPIOPinConfigure        
000009bf  GPIOPinTypeADC          
000009d5  GPIOPinTypeSSI          
00000a07  ResetISR                
00000a31  SSIBusy                 
00000851  SSIConfigSetExpClk      
00000a1d  SSIDataPut              
00000a27  SSIEnable               
00000531  SysCtlClockGet          
00000649  SysCtlClockSet          
00000a39  SysCtlDelay             
000008fd  SysCtlPeripheralEnable  
0000088d  SysCtlPeripheralReady   
20000200  __STACK_END             
00000200  __STACK_SIZE            
20000200  __STACK_TOP             
ffffffff  __TI_pprof_out_hndl     
ffffffff  __TI_prof_data_size     
ffffffff  __TI_prof_data_start    
00000000  __TI_static_base__      
000008c5  __aeabi_f2d             
ffffffff  __binit__               
ffffffff  __c_args__              
UNDEFED   __mpu_init              
20000000  __stack                 
20000000  __start___llvm_prf_cnts 
20000000  __stop___llvm_prf_cnts  
0000095d  _c_int00_noinit_noargs  
00000a3f  _system_pre_init        
00000a43  abort                   
ffffffff  binit                   
00000000  g_pfnVectors            
000003d9  main                    


GLOBAL SYMBOLS: SORTED BY Symbol Address 

address   name                    
-------   ----                    
00000000  __TI_static_base__      
00000000  g_pfnVectors            
00000200  __STACK_SIZE            
0000026d  GPIOPadConfigSet        
000003d9  main                    
00000531  SysCtlClockGet          
00000649  SysCtlClockSet          
0000073d  ADCSequenceStepConfigure
000007b7  ADCSequenceConfigure    
00000805  GPIOPinConfigure        
00000851  SSIConfigSetExpClk      
0000088d  SysCtlPeripheralReady   
000008c5  __aeabi_f2d             
000008fd  SysCtlPeripheralEnable  
00000931  GPIODirModeSet          
0000095d  _c_int00_noinit_noargs  
00000989  ADCSequenceDataGet      
000009a7  ADCProcessorTrigger     
000009bf  GPIOPinTypeADC          
000009d5  GPIOPinTypeSSI          
000009eb  ADCSequenceDisable      
000009f9  ADCSequenceEnable       
00000a07  ResetISR                
00000a13  ADCIntClear             
00000a1d  SSIDataPut              
00000a27  SSIEnable               
00000a31  SSIBusy                 
00000a39  SysCtlDelay             
00000a3f  _system_pre_init        
00000a43  C$$EXIT                 
00000a43  abort                   
20000000  __stack                 
20000000  __start___llvm_prf_cnts 
20000000  __stop___llvm_prf_cnts  
20000200  __STACK_END             
20000200  __STACK_TOP             
ffffffff  __TI_pprof_out_hndl     
ffffffff  __TI_prof_data_size     
ffffffff  __TI_prof_data_start    
ffffffff  __binit__               
ffffffff  __c_args__              
ffffffff  binit                   
UNDEFED   __mpu_init              

[43 symbols]
