******************************************************************************
                  TI ARM Linker PC v20.2.7                     
******************************************************************************
>> Linked Thu Jan 29 16:06:49 2026

OUTPUT FILE NAME:   <Lab3.2.out>
ENTRY POINT SYMBOL: "_c_int00_noargs"  address: 00001e25


MEMORY CONFIGURATION

         name            origin    length      used     unused   attr    fill
----------------------  --------  ---------  --------  --------  ----  --------
  FLASH                 00000000   00040000  000020f2  0003df0e  R  X
  SRAM                  20000000   00008000  00000491  00007b6f  RW X


SEGMENT ALLOCATION MAP

run origin  load origin   length   init length attrs members
----------  ----------- ---------- ----------- ----- -------
00000000    00000000    000020f8   000020f8    r-x
  00000000    00000000    0000026c   0000026c    r-- .intvecs
  0000026c    0000026c    00001d5e   00001d5e    r-x .text
  00001fd0    00001fd0    000000f8   000000f8    r-- .const
  000020c8    000020c8    00000030   00000030    r-- .cinit
20000000    20000000    00000495   00000000    rw-
  20000000    20000000    0000026c   00000000    rw- .vtable
  20000270    20000270    00000200   00000000    rw- .stack
  20000470    20000470    00000025   00000000    rw- .data


SECTION ALLOCATION MAP

 output                                  attributes/
section   page    origin      length       input sections
--------  ----  ----------  ----------   ----------------
.intvecs   0    00000000    0000026c     
                  00000000    0000026c     tm4c123gh6pm_startup_ccs.obj (.intvecs)

.text      0    0000026c    00001d5e     
                  0000026c    000009d0     rtsv7M4_T_le_v4SPD16_eabi.lib : e_pow.c.obj (.text:pow)
                  00000c3c    000002a0     lcd.obj (.text)
                  00000edc    00000278     main.obj (.text)
                  00001154    000001b6     rtsv7M4_T_le_v4SPD16_eabi.lib : fd_add_t2.asm.obj (.text)
                  0000130a    00000002     --HOLE-- [fill = 0]
                  0000130c    0000016c     driverlib.lib : gpio.obj (.text:GPIOPadConfigSet)
                  00001478    00000158     rtsv7M4_T_le_v4SPD16_eabi.lib : e_sqrt.c.obj (.text:sqrt)
                  000015d0    00000136                                   : fd_div_t2.asm.obj (.text)
                  00001706    00000002     --HOLE-- [fill = 0]
                  00001708    00000118     driverlib.lib : sysctl.obj (.text:SysCtlClockGet)
                  00001820    00000110     rtsv7M4_T_le_v4SPD16_eabi.lib : s_scalbn.c.obj (.text:scalbn)
                  00001930    000000fc                                   : fd_mul_t2.asm.obj (.text)
                  00001a2c    000000f4     driverlib.lib : sysctl.obj (.text:SysCtlClockSet)
                  00001b20    0000009c     rtsv7M4_T_le_v4SPD16_eabi.lib : memcpy_t2.asm.obj (.text)
                  00001bbc    00000086                                   : fd_cmp_t2.asm.obj (.text:__aeabi_cdcmple)
                  00001c42    00000086                                   : fd_cmp_t2.asm.obj (.text:__aeabi_cdrcmple)
                  00001cc8    00000068                                   : copy_decompress_lzss.c.obj (.text:decompress:lzss:__TI_decompress_lzss)
                  00001d30    00000048                                   : fd_toi_t2.asm.obj (.text)
                  00001d78    00000044                                   : autoinit.c.obj (.text:__TI_auto_init_nobinit_nopinit:__TI_auto_init_nobinit_nopinit)
                  00001dbc    00000034     driverlib.lib : interrupt.obj (.text:IntRegister)
                  00001df0    00000034                   : sysctl.obj (.text:SysCtlPeripheralEnable)
                  00001e24    00000034     rtsv7M4_T_le_v4SPD16_eabi.lib : boot_cortex_m.c.obj (.text:_c_int00_noargs:_c_int00_noargs)
                  00001e58    0000002e                                   : i_tofd_t2.asm.obj (.text)
                  00001e86    0000002c     driverlib.lib : gpio.obj (.text:GPIODirModeSet)
                  00001eb2    00000002     --HOLE-- [fill = 0]
                  00001eb4    0000001c                   : systick.obj (.text:SysTickIntRegister)
                  00001ed0    0000001c     rtsv7M4_T_le_v4SPD16_eabi.lib : copy_zero_init.c.obj (.text:decompress:ZI:__TI_zero_init_nomemset:__TI_zero_init_nomemset)
                  00001eec    0000001a     driverlib.lib : gpio.obj (.text:GPIOPinTypeGPIOOutput)
                  00001f06    0000001a     rtsv7M4_T_le_v4SPD16_eabi.lib : s_copysign.c.obj (.text:copysign)
                  00001f20    00000016     driverlib.lib : gpio.obj (.text:GPIOPinTypeGPIOInput)
                  00001f36    00000002     --HOLE-- [fill = 0]
                  00001f38    00000014                   : systick.obj (.text:SysTickEnable)
                  00001f4c    00000014                   : systick.obj (.text:SysTickIntEnable)
                  00001f60    00000010                   : interrupt.obj (.text:IntMasterEnable)
                  00001f70    00000010                   : systick.obj (.text:SysTickPeriodSet)
                  00001f80    0000000e     rtsv7M4_T_le_v4SPD16_eabi.lib : copy_decompress_none.c.obj (.text:decompress:none:__TI_decompress_none)
                  00001f8e    0000000c     driverlib.lib : cpu.obj (.text:CPUcpsie)
                  00001f9a    0000000c     tm4c123gh6pm_startup_ccs.obj (.text)
                  00001fa6    00000002     --HOLE-- [fill = 0]
                  00001fa8    00000008     rtsv7M4_T_le_v4SPD16_eabi.lib : errno.c.obj (.text:__aeabi_errno_addr)
                  00001fb0    00000006     driverlib.lib : gpio.obj (.text:GPIOPinRead)
                  00001fb6    00000006                   : gpio.obj (.text:GPIOPinWrite)
                  00001fbc    00000006                   : sysctl.obj (.text:SysCtlDelay)
                  00001fc2    00000004     rtsv7M4_T_le_v4SPD16_eabi.lib : pre_init.c.obj (.text:_system_pre_init)
                  00001fc6    00000004                                   : exit.c.obj (.text:abort:abort)

.const     0    00001fd0    000000f8     
                  00001fd0    0000006c     driverlib.lib : sysctl.obj (.const:g_pui32Xtals)
                  0000203c    00000004     --HOLE-- [fill = 0]
                  00002040    00000030     rtsv7M4_T_le_v4SPD16_eabi.lib : e_pow.c.obj (.const:$O1$$)
                  00002070    00000015     main.obj (.const:.string:$P$T6$7)
                  00002085    00000011     main.obj (.const:.string:$P$T0$1)
                  00002096    0000000e     main.obj (.const:.string:$P$T4$5)
                  000020a4    0000000b     main.obj (.const:.string:$P$T2$3)
                  000020af    0000000a     main.obj (.const:.string:$P$T1$2)
                  000020b9    00000008     main.obj (.const:.string:$P$T3$4)
                  000020c1    00000007     main.obj (.const:.string:$P$T5$6)

.cinit     0    000020c8    00000030     
                  000020c8    0000000c     (__TI_handler_table)
                  000020d4    00000009     (.cinit..data.load) [load image, compression = lzss]
                  000020dd    00000003     --HOLE-- [fill = 0]
                  000020e0    00000008     (.cinit..vtable.load) [load image, compression = zero_init]
                  000020e8    00000010     (__TI_cinit_table)

.init_array 
*          0    00000000    00000000     UNINITIALIZED

.vtable    0    20000000    0000026c     UNINITIALIZED
                  20000000    0000026c     driverlib.lib : interrupt.obj (.vtable)

.data      0    20000470    00000025     UNINITIALIZED
                  20000470    00000020     main.obj (.data)
                  20000490    00000004     rtsv7M4_T_le_v4SPD16_eabi.lib : errno.c.obj (.data)
                  20000494    00000001     lcd.obj (.data)

.stack     0    20000270    00000200     UNINITIALIZED
                  20000270    00000004     rtsv7M4_T_le_v4SPD16_eabi.lib : boot_cortex_m.c.obj (.stack)
                  20000274    000001fc     --HOLE--

__llvm_prf_cnts 
*          0    20000000    00000000     UNINITIALIZED

MODULE SUMMARY

       Module                         code   ro data   rw data
       ------                         ----   -------   -------
    .\
       main.obj                       632    88        32     
       lcd.obj                        672    0         1      
       tm4c123gh6pm_startup_ccs.obj   12     620       0      
    +--+------------------------------+------+---------+---------+
       Total:                         1316   708       33     
                                                              
    C:/ti/TivaWare_C_Series-2.2.0.295/driverlib/ccs/Debug/driverlib.lib
       sysctl.obj                     582    108       0      
       interrupt.obj                  68     0         620    
       gpio.obj                       468    0         0      
       systick.obj                    84     0         0      
       cpu.obj                        12     0         0      
    +--+------------------------------+------+---------+---------+
       Total:                         1214   108       620    
                                                              
    C:\ti\ccs1250\ccs\tools\compiler\ti-cgt-arm_20.2.7.LTS\lib\rtsv7M4_T_le_v4SPD16_eabi.lib
       e_pow.c.obj                    2512   48        0      
       fd_add_t2.asm.obj              438    0         0      
       e_sqrt.c.obj                   344    0         0      
       fd_div_t2.asm.obj              310    0         0      
       s_scalbn.c.obj                 272    0         0      
       fd_cmp_t2.asm.obj              268    0         0      
       fd_mul_t2.asm.obj              252    0         0      
       memcpy_t2.asm.obj              156    0         0      
       copy_decompress_lzss.c.obj     104    0         0      
       fd_toi_t2.asm.obj              72     0         0      
       autoinit.c.obj                 68     0         0      
       boot_cortex_m.c.obj            52     0         0      
       i_tofd_t2.asm.obj              46     0         0      
       copy_zero_init.c.obj           28     0         0      
       s_copysign.c.obj               26     0         0      
       copy_decompress_none.c.obj     14     0         0      
       errno.c.obj                    8      0         4      
       exit.c.obj                     4      0         0      
       pre_init.c.obj                 4      0         0      
    +--+------------------------------+------+---------+---------+
       Total:                         4978   48        4      
                                                              
       Stack:                         0      0         512    
       Linker Generated:              0      45        0      
    +--+------------------------------+------+---------+---------+
       Grand Total:                   7508   909       1169   


LINKER GENERATED COPY TABLES

__TI_cinit_table @ 000020e8 records: 2, size/record: 8, table size: 16
	.data: load addr=000020d4, load size=00000009 bytes, run addr=20000470, run size=00000025 bytes, compression=lzss
	.vtable: load addr=000020e0, load size=00000008 bytes, run addr=20000000, run size=0000026c bytes, compression=zero_init


LINKER GENERATED HANDLER TABLE

__TI_handler_table @ 000020c8 records: 3, size/record: 4, table size: 12
	index: 0, handler: __TI_zero_init
	index: 1, handler: __TI_decompress_lzss
	index: 2, handler: __TI_decompress_none


GLOBAL SYMBOLS: SORTED ALPHABETICALLY BY Name 

address   name                          
-------   ----                          
20000480  AttemptNum                    
20000488  AvgTime                       
00001fc7  C$$EXIT                       
00001f8f  CPUcpsie                      
00001e87  GPIODirModeSet                
0000130d  GPIOPadConfigSet              
00001fb1  GPIOPinRead                   
00001f21  GPIOPinTypeGPIOInput          
00001eed  GPIOPinTypeGPIOOutput         
00001fb7  GPIOPinWrite                  
00001f61  IntMasterEnable               
00001dbd  IntRegister                   
00001f9b  ResetISR                      
00001709  SysCtlClockGet                
00001a2d  SysCtlClockSet                
00001fbd  SysCtlDelay                   
00001df1  SysCtlPeripheralEnable        
00001f39  SysTickEnable                 
00001f4d  SysTickIntEnable              
00001eb5  SysTickIntRegister            
00001f71  SysTickPeriodSet              
00000edd  SysTick_Handler               
00000ee7  SysTick_Init                  
20000484  TotalTime                     
20000470  __STACK_END                   
00000200  __STACK_SIZE                  
20000470  __STACK_TOP                   
000020e8  __TI_CINIT_Base               
000020f8  __TI_CINIT_Limit              
000020c8  __TI_Handler_Table_Base       
000020d4  __TI_Handler_Table_Limit      
00001d79  __TI_auto_init_nobinit_nopinit
00001cc9  __TI_decompress_lzss          
00001f81  __TI_decompress_none          
ffffffff  __TI_pprof_out_hndl           
ffffffff  __TI_prof_data_size           
ffffffff  __TI_prof_data_start          
00000000  __TI_static_base__            
00001ed1  __TI_zero_init_nomemset       
00001bbd  __aeabi_cdcmpeq               
00001bbd  __aeabi_cdcmple               
00001c43  __aeabi_cdrcmple              
00001d31  __aeabi_d2iz                  
0000115f  __aeabi_dadd                  
000015d1  __aeabi_ddiv                  
00001931  __aeabi_dmul                  
00001155  __aeabi_dsub                  
00001fa9  __aeabi_errno_addr            
00001e59  __aeabi_i2d                   
00001b21  __aeabi_memcpy                
00001b21  __aeabi_memcpy4               
00001b21  __aeabi_memcpy8               
ffffffff  __binit__                     
ffffffff  __c_args__                    
UNDEFED   __mpu_init                    
20000270  __stack                       
20000000  __start___llvm_prf_cnts       
20000000  __stop___llvm_prf_cnts        
00001e25  _c_int00_noargs               
UNDEFED   _system_post_cinit            
00001fc3  _system_pre_init              
00001fc7  abort                         
ffffffff  binit                         
00001f07  copysign                      
00001f07  copysignl                     
00000f09  delay_ms                      
20000490  errno                         
20000000  g_pfnRAMVectors               
00000000  g_pfnVectors                  
000010c7  hardware_init                 
00000d29  lcd_busy                      
00000da7  lcd_char                      
00000cc1  lcd_cls_csr_strt              
00000cd7  lcd_command                   
00000e23  lcd_cursor                    
00000c71  lcd_init                      
00000c3d  lcd_portconfig                
00000e4d  lcd_print                     
00000e07  lcd_string                    
00000d6d  lcd_wrap_around               
00001821  ldexp                         
00001821  ldexpl                        
00000f27  main                          
00001b21  memcpy                        
20000470  msTicks                       
20000494  position                      
0000026d  pow                           
0000026d  powl                          
00001821  scalbn                        
00001821  scalbnl                       
00001479  sqrt                          
00001479  sqrtl                         
2000047c  t_diff                        
2000048c  t_resp                        
20000474  t_start                       
20000478  t_stop                        


GLOBAL SYMBOLS: SORTED BY Symbol Address 

address   name                          
-------   ----                          
00000000  __TI_static_base__            
00000000  g_pfnVectors                  
00000200  __STACK_SIZE                  
0000026d  pow                           
0000026d  powl                          
00000c3d  lcd_portconfig                
00000c71  lcd_init                      
00000cc1  lcd_cls_csr_strt              
00000cd7  lcd_command                   
00000d29  lcd_busy                      
00000d6d  lcd_wrap_around               
00000da7  lcd_char                      
00000e07  lcd_string                    
00000e23  lcd_cursor                    
00000e4d  lcd_print                     
00000edd  SysTick_Handler               
00000ee7  SysTick_Init                  
00000f09  delay_ms                      
00000f27  main                          
000010c7  hardware_init                 
00001155  __aeabi_dsub                  
0000115f  __aeabi_dadd                  
0000130d  GPIOPadConfigSet              
00001479  sqrt                          
00001479  sqrtl                         
000015d1  __aeabi_ddiv                  
00001709  SysCtlClockGet                
00001821  ldexp                         
00001821  ldexpl                        
00001821  scalbn                        
00001821  scalbnl                       
00001931  __aeabi_dmul                  
00001a2d  SysCtlClockSet                
00001b21  __aeabi_memcpy                
00001b21  __aeabi_memcpy4               
00001b21  __aeabi_memcpy8               
00001b21  memcpy                        
00001bbd  __aeabi_cdcmpeq               
00001bbd  __aeabi_cdcmple               
00001c43  __aeabi_cdrcmple              
00001cc9  __TI_decompress_lzss          
00001d31  __aeabi_d2iz                  
00001d79  __TI_auto_init_nobinit_nopinit
00001dbd  IntRegister                   
00001df1  SysCtlPeripheralEnable        
00001e25  _c_int00_noargs               
00001e59  __aeabi_i2d                   
00001e87  GPIODirModeSet                
00001eb5  SysTickIntRegister            
00001ed1  __TI_zero_init_nomemset       
00001eed  GPIOPinTypeGPIOOutput         
00001f07  copysign                      
00001f07  copysignl                     
00001f21  GPIOPinTypeGPIOInput          
00001f39  SysTickEnable                 
00001f4d  SysTickIntEnable              
00001f61  IntMasterEnable               
00001f71  SysTickPeriodSet              
00001f81  __TI_decompress_none          
00001f8f  CPUcpsie                      
00001f9b  ResetISR                      
00001fa9  __aeabi_errno_addr            
00001fb1  GPIOPinRead                   
00001fb7  GPIOPinWrite                  
00001fbd  SysCtlDelay                   
00001fc3  _system_pre_init              
00001fc7  C$$EXIT                       
00001fc7  abort                         
000020c8  __TI_Handler_Table_Base       
000020d4  __TI_Handler_Table_Limit      
000020e8  __TI_CINIT_Base               
000020f8  __TI_CINIT_Limit              
20000000  __start___llvm_prf_cnts       
20000000  __stop___llvm_prf_cnts        
20000000  g_pfnRAMVectors               
20000270  __stack                       
20000470  __STACK_END                   
20000470  __STACK_TOP                   
20000470  msTicks                       
20000474  t_start                       
20000478  t_stop                        
2000047c  t_diff                        
20000480  AttemptNum                    
20000484  TotalTime                     
20000488  AvgTime                       
2000048c  t_resp                        
20000490  errno                         
20000494  position                      
ffffffff  __TI_pprof_out_hndl           
ffffffff  __TI_prof_data_size           
ffffffff  __TI_prof_data_start          
ffffffff  __binit__                     
ffffffff  __c_args__                    
ffffffff  binit                         
UNDEFED   __mpu_init                    
UNDEFED   _system_post_cinit            

[96 symbols]
