******************************************************************************
                  TI ARM Linker PC v20.2.7                     
******************************************************************************
>> Linked Thu Jan 15 12:55:34 2026

OUTPUT FILE NAME:   <Lab1.1Attempt2.out>
ENTRY POINT SYMBOL: "_c_int00_noargs"  address: 00001969


MEMORY CONFIGURATION

         name            origin    length      used     unused   attr    fill
----------------------  --------  ---------  --------  --------  ----  --------
  FLASH                 00000000   00040000  00001ad2  0003e52e  R  X
  SRAM                  20000000   00008000  00000230  00007dd0  RW X


SEGMENT ALLOCATION MAP

run origin  load origin   length   init length attrs members
----------  ----------- ---------- ----------- ----- -------
00000000    00000000    00001ad4   00001ad4    r-x
  00000000    00000000    0000026c   0000026c    r-- .intvecs
  0000026c    0000026c    0000180a   0000180a    r-x .text
  00001a78    00001a78    00000030   00000030    r-- .const
  00001aa8    00001aa8    0000002c   0000002c    r-- .cinit
20000000    20000000    00000230   00000000    rw-
  20000000    20000000    00000200   00000000    rw- .stack
  20000200    20000200    00000030   00000000    rw- .data


SECTION ALLOCATION MAP

 output                                  attributes/
section   page    origin      length       input sections
--------  ----  ----------  ----------   ----------------
.intvecs   0    00000000    0000026c     
                  00000000    0000026c     tm4c123gh6pm_startup_ccs.obj (.intvecs)

.text      0    0000026c    0000180a     
                  0000026c    000009d0     rtsv7M4_T_le_v4SPD16_eabi.lib : e_pow.c.obj (.text:pow)
                  00000c3c    000001e4     main.obj (.text)
                  00000e20    000001b6     rtsv7M4_T_le_v4SPD16_eabi.lib : fd_add_t2.asm.obj (.text)
                  00000fd6    00000002     --HOLE-- [fill = 0]
                  00000fd8    00000158                                   : e_sqrt.c.obj (.text:sqrt)
                  00001130    00000136                                   : fd_div_t2.asm.obj (.text)
                  00001266    00000132     driverlib.lib : gpio.obj (.text:GPIOPadConfigSet)
                  00001398    00000110     rtsv7M4_T_le_v4SPD16_eabi.lib : s_scalbn.c.obj (.text:scalbn)
                  000014a8    000000fc                                   : fd_mul_t2.asm.obj (.text)
                  000015a4    000000f4     driverlib.lib : sysctl.obj (.text:SysCtlClockSet)
                  00001698    0000009c     rtsv7M4_T_le_v4SPD16_eabi.lib : memcpy_t2.asm.obj (.text)
                  00001734    00000086                                   : fd_cmp_t2.asm.obj (.text:__aeabi_cdcmple)
                  000017ba    00000086                                   : fd_cmp_t2.asm.obj (.text:__aeabi_cdrcmple)
                  00001840    00000068                                   : copy_decompress_lzss.c.obj (.text:decompress:lzss:__TI_decompress_lzss)
                  000018a8    00000048                                   : fd_toi_t2.asm.obj (.text)
                  000018f0    00000044                                   : autoinit.c.obj (.text:__TI_auto_init_nobinit_nopinit:__TI_auto_init_nobinit_nopinit)
                  00001934    00000034     driverlib.lib : sysctl.obj (.text:SysCtlPeripheralEnable)
                  00001968    00000034     rtsv7M4_T_le_v4SPD16_eabi.lib : boot_cortex_m.c.obj (.text:_c_int00_noargs:_c_int00_noargs)
                  0000199c    0000002e                                   : i_tofd_t2.asm.obj (.text)
                  000019ca    0000002a     driverlib.lib : gpio.obj (.text:GPIODirModeSet)
                  000019f4    0000001a     rtsv7M4_T_le_v4SPD16_eabi.lib : s_copysign.c.obj (.text:copysign)
                  00001a0e    00000018     driverlib.lib : gpio.obj (.text:GPIOPinTypeGPIOOutput)
                  00001a26    00000012                   : gpio.obj (.text:GPIOPinTypeGPIOInput)
                  00001a38    0000000e     rtsv7M4_T_le_v4SPD16_eabi.lib : copy_decompress_none.c.obj (.text:decompress:none:__TI_decompress_none)
                  00001a46    0000000c     tm4c123gh6pm_startup_ccs.obj (.text)
                  00001a52    00000002     --HOLE-- [fill = 0]
                  00001a54    00000008     rtsv7M4_T_le_v4SPD16_eabi.lib : errno.c.obj (.text:__aeabi_errno_addr)
                  00001a5c    00000006     driverlib.lib : gpio.obj (.text:GPIOPinRead)
                  00001a62    00000006                   : gpio.obj (.text:GPIOPinWrite)
                  00001a68    00000006                   : sysctl.obj (.text:SysCtlDelay)
                  00001a6e    00000004     rtsv7M4_T_le_v4SPD16_eabi.lib : pre_init.c.obj (.text:_system_pre_init)
                  00001a72    00000004                                   : exit.c.obj (.text:abort:abort)

.const     0    00001a78    00000030     
                  00001a78    00000030     rtsv7M4_T_le_v4SPD16_eabi.lib : e_pow.c.obj (.const:$O1$$)

.cinit     0    00001aa8    0000002c     
                  00001aa8    00000019     (.cinit..data.load) [load image, compression = lzss]
                  00001ac1    00000003     --HOLE-- [fill = 0]
                  00001ac4    00000008     (__TI_handler_table)
                  00001acc    00000008     (__TI_cinit_table)

.init_array 
*          0    00000000    00000000     UNINITIALIZED

.data      0    20000200    00000030     UNINITIALIZED
                  20000200    0000002c     main.obj (.data)
                  2000022c    00000004     rtsv7M4_T_le_v4SPD16_eabi.lib : errno.c.obj (.data)

.stack     0    20000000    00000200     UNINITIALIZED
                  20000000    00000004     rtsv7M4_T_le_v4SPD16_eabi.lib : boot_cortex_m.c.obj (.stack)
                  20000004    000001fc     --HOLE--

__llvm_prf_cnts 
*          0    20000000    00000000     UNINITIALIZED

MODULE SUMMARY

       Module                         code   ro data   rw data
       ------                         ----   -------   -------
    .\
       tm4c123gh6pm_startup_ccs.obj   12     620       0      
       main.obj                       484    0         44     
    +--+------------------------------+------+---------+---------+
       Total:                         496    620       44     
                                                              
    C:/ti/TivaWare_C_Series-2.1.4.178/driverlib/ccs/Debug/driverlib.lib
       gpio.obj                       402    0         0      
       sysctl.obj                     302    0         0      
    +--+------------------------------+------+---------+---------+
       Total:                         704    0         0      
                                                              
    C:\ti\ccs1210\ccs\tools\compiler\ti-cgt-arm_20.2.7.LTS\lib\rtsv7M4_T_le_v4SPD16_eabi.lib
       e_pow.c.obj                    2512   48        0      
       fd_add_t2.asm.obj              438    0         0      
       e_sqrt.c.obj                   344    0         0      
       fd_div_t2.asm.obj              310    0         0      
       s_scalbn.c.obj                 272    0         0      
       fd_cmp_t2.asm.obj              268    0         0      
       fd_mul_t2.asm.obj              252    0         0      
       memcpy_t2.asm.obj              156    0         0      
       copy_decompress_lzss.c.obj     104    0         0      
       fd_toi_t2.asm.obj              72     0         0      
       autoinit.c.obj                 68     0         0      
       boot_cortex_m.c.obj            52     0         0      
       i_tofd_t2.asm.obj              46     0         0      
       s_copysign.c.obj               26     0         0      
       copy_decompress_none.c.obj     14     0         0      
       errno.c.obj                    8      0         4      
       exit.c.obj                     4      0         0      
       pre_init.c.obj                 4      0         0      
    +--+------------------------------+------+---------+---------+
       Total:                         4950   48        4      
                                                              
       Stack:                         0      0         512    
       Linker Generated:              0      41        0      
    +--+------------------------------+------+---------+---------+
       Grand Total:                   6150   709       560    


LINKER GENERATED COPY TABLES

__TI_cinit_table @ 00001acc records: 1, size/record: 8, table size: 8
	.data: load addr=00001aa8, load size=00000019 bytes, run addr=20000200, run size=00000030 bytes, compression=lzss


LINKER GENERATED HANDLER TABLE

__TI_handler_table @ 00001ac4 records: 2, size/record: 4, table size: 8
	index: 0, handler: __TI_decompress_lzss
	index: 1, handler: __TI_decompress_none


GLOBAL SYMBOLS: SORTED ALPHABETICALLY BY Name 

address   name                          
-------   ----                          
00001a73  C$$EXIT                       
000019cb  GPIODirModeSet                
00001267  GPIOPadConfigSet              
00001a5d  GPIOPinRead                   
00001a27  GPIOPinTypeGPIOInput          
00001a0f  GPIOPinTypeGPIOOutput         
00001a63  GPIOPinWrite                  
00001a47  ResetISR                      
2000021c  SW1_state                     
20000218  SW1_state_num                 
20000220  SW1_state_prev                
20000210  SW2_state                     
2000020c  SW2_state_num                 
20000214  SW2_state_prev                
000015a5  SysCtlClockSet                
00001a69  SysCtlDelay                   
00001935  SysCtlPeripheralEnable        
20000200  __STACK_END                   
00000200  __STACK_SIZE                  
20000200  __STACK_TOP                   
00001acc  __TI_CINIT_Base               
00001ad4  __TI_CINIT_Limit              
00001ac4  __TI_Handler_Table_Base       
00001acc  __TI_Handler_Table_Limit      
000018f1  __TI_auto_init_nobinit_nopinit
00001841  __TI_decompress_lzss          
00001a39  __TI_decompress_none          
ffffffff  __TI_pprof_out_hndl           
ffffffff  __TI_prof_data_size           
ffffffff  __TI_prof_data_start          
00000000  __TI_static_base__            
00001735  __aeabi_cdcmpeq               
00001735  __aeabi_cdcmple               
000017bb  __aeabi_cdrcmple              
000018a9  __aeabi_d2iz                  
00000e2b  __aeabi_dadd                  
00001131  __aeabi_ddiv                  
000014a9  __aeabi_dmul                  
00000e21  __aeabi_dsub                  
00001a55  __aeabi_errno_addr            
0000199d  __aeabi_i2d                   
00001699  __aeabi_memcpy                
00001699  __aeabi_memcpy4               
00001699  __aeabi_memcpy8               
ffffffff  __binit__                     
ffffffff  __c_args__                    
UNDEFED   __mpu_init                    
20000000  __stack                       
20000000  __start___llvm_prf_cnts       
20000000  __stop___llvm_prf_cnts        
00001969  _c_int00_noargs               
UNDEFED   _system_post_cinit            
00001a6f  _system_pre_init              
00001a73  abort                         
20000224  baseDelayVal                  
ffffffff  binit                         
000019f5  copysign                      
000019f5  copysignl                     
00000dc7  delay                         
20000228  delayVal                      
2000022c  errno                         
00000000  g_pfnVectors                  
00000d59  hardware_init                 
20000200  i16ToggleCount                
00001399  ldexp                         
00001399  ldexpl                        
00000d9b  ledToggle                     
00000c3d  main                          
00001699  memcpy                        
20000204  opPinSel                      
20000208  opPinVal                      
0000026d  pow                           
0000026d  powl                          
00001399  scalbn                        
00001399  scalbnl                       
00000fd9  sqrt                          
00000fd9  sqrtl                         


GLOBAL SYMBOLS: SORTED BY Symbol Address 

address   name                          
-------   ----                          
00000000  __TI_static_base__            
00000000  g_pfnVectors                  
00000200  __STACK_SIZE                  
0000026d  pow                           
0000026d  powl                          
00000c3d  main                          
00000d59  hardware_init                 
00000d9b  ledToggle                     
00000dc7  delay                         
00000e21  __aeabi_dsub                  
00000e2b  __aeabi_dadd                  
00000fd9  sqrt                          
00000fd9  sqrtl                         
00001131  __aeabi_ddiv                  
00001267  GPIOPadConfigSet              
00001399  ldexp                         
00001399  ldexpl                        
00001399  scalbn                        
00001399  scalbnl                       
000014a9  __aeabi_dmul                  
000015a5  SysCtlClockSet                
00001699  __aeabi_memcpy                
00001699  __aeabi_memcpy4               
00001699  __aeabi_memcpy8               
00001699  memcpy                        
00001735  __aeabi_cdcmpeq               
00001735  __aeabi_cdcmple               
000017bb  __aeabi_cdrcmple              
00001841  __TI_decompress_lzss          
000018a9  __aeabi_d2iz                  
000018f1  __TI_auto_init_nobinit_nopinit
00001935  SysCtlPeripheralEnable        
00001969  _c_int00_noargs               
0000199d  __aeabi_i2d                   
000019cb  GPIODirModeSet                
000019f5  copysign                      
000019f5  copysignl                     
00001a0f  GPIOPinTypeGPIOOutput         
00001a27  GPIOPinTypeGPIOInput          
00001a39  __TI_decompress_none          
00001a47  ResetISR                      
00001a55  __aeabi_errno_addr            
00001a5d  GPIOPinRead                   
00001a63  GPIOPinWrite                  
00001a69  SysCtlDelay                   
00001a6f  _system_pre_init              
00001a73  C$$EXIT                       
00001a73  abort                         
00001ac4  __TI_Handler_Table_Base       
00001acc  __TI_CINIT_Base               
00001acc  __TI_Handler_Table_Limit      
00001ad4  __TI_CINIT_Limit              
20000000  __stack                       
20000000  __start___llvm_prf_cnts       
20000000  __stop___llvm_prf_cnts        
20000200  __STACK_END                   
20000200  __STACK_TOP                   
20000200  i16ToggleCount                
20000204  opPinSel                      
20000208  opPinVal                      
2000020c  SW2_state_num                 
20000210  SW2_state                     
20000214  SW2_state_prev                
20000218  SW1_state_num                 
2000021c  SW1_state                     
20000220  SW1_state_prev                
20000224  baseDelayVal                  
20000228  delayVal                      
2000022c  errno                         
ffffffff  __TI_pprof_out_hndl           
ffffffff  __TI_prof_data_size           
ffffffff  __TI_prof_data_start          
ffffffff  __binit__                     
ffffffff  __c_args__                    
ffffffff  binit                         
UNDEFED   __mpu_init                    
UNDEFED   _system_post_cinit            

[77 symbols]
