<?xml version="1.0" encoding="ISO-8859-1" ?>
<link_info>
   <banner>TI ARM Linker PC v20.2.7.LTS</banner>
   <copyright>Copyright (c) 1996-2018 Texas Instruments Incorporated</copyright>
   <link_time>0x6968966e</link_time>
   <link_errors>0x0</link_errors>
   <output_file>Lab1.1Attempt2.out</output_file>
   <entry_point>
      <name>_c_int00_noargs</name>
      <address>0x1969</address>
   </entry_point>
   <input_file_list>
      <input_file id="fl-2">
         <path>.\</path>
         <kind>object</kind>
         <file>main.obj</file>
         <name>main.obj</name>
      </input_file>
      <input_file id="fl-3">
         <path>.\</path>
         <kind>object</kind>
         <file>tm4c123gh6pm_startup_ccs.obj</file>
         <name>tm4c123gh6pm_startup_ccs.obj</name>
      </input_file>
      <input_file id="fl-8">
         <kind>object</kind>
         <file>&lt;internal&gt;</file>
         <name>&lt;internal&gt;</name>
      </input_file>
      <input_file id="fl-9">
         <path>C:\ti\TivaWare_C_Series-2.1.4.178\driverlib\ccs\Debug\</path>
         <kind>archive</kind>
         <file>driverlib.lib</file>
         <name>gpio.obj</name>
      </input_file>
      <input_file id="fl-a">
         <path>C:\ti\TivaWare_C_Series-2.1.4.178\driverlib\ccs\Debug\</path>
         <kind>archive</kind>
         <file>driverlib.lib</file>
         <name>interrupt.obj</name>
      </input_file>
      <input_file id="fl-b">
         <path>C:\ti\TivaWare_C_Series-2.1.4.178\driverlib\ccs\Debug\</path>
         <kind>archive</kind>
         <file>driverlib.lib</file>
         <name>sysctl.obj</name>
      </input_file>
      <input_file id="fl-c">
         <path>C:\ti\TivaWare_C_Series-2.1.4.178\driverlib\ccs\Debug\</path>
         <kind>archive</kind>
         <file>driverlib.lib</file>
         <name>cpu.obj</name>
      </input_file>
      <input_file id="fl-c2">
         <path>C:\ti\ccs1210\ccs\tools\compiler\ti-cgt-arm_20.2.7.LTS\lib\</path>
         <kind>archive</kind>
         <file>rtsv7M4_T_le_v4SPD16_eabi.lib</file>
         <name>e_pow.c.obj</name>
      </input_file>
      <input_file id="fl-c3">
         <path>C:\ti\ccs1210\ccs\tools\compiler\ti-cgt-arm_20.2.7.LTS\lib\</path>
         <kind>archive</kind>
         <file>rtsv7M4_T_le_v4SPD16_eabi.lib</file>
         <name>e_sqrt.c.obj</name>
      </input_file>
      <input_file id="fl-c4">
         <path>C:\ti\ccs1210\ccs\tools\compiler\ti-cgt-arm_20.2.7.LTS\lib\</path>
         <kind>archive</kind>
         <file>rtsv7M4_T_le_v4SPD16_eabi.lib</file>
         <name>s_scalbn.c.obj</name>
      </input_file>
      <input_file id="fl-c5">
         <path>C:\ti\ccs1210\ccs\tools\compiler\ti-cgt-arm_20.2.7.LTS\lib\</path>
         <kind>archive</kind>
         <file>rtsv7M4_T_le_v4SPD16_eabi.lib</file>
         <name>fd_add_t2.asm.obj</name>
      </input_file>
      <input_file id="fl-c6">
         <path>C:\ti\ccs1210\ccs\tools\compiler\ti-cgt-arm_20.2.7.LTS\lib\</path>
         <kind>archive</kind>
         <file>rtsv7M4_T_le_v4SPD16_eabi.lib</file>
         <name>fd_cmp_t2.asm.obj</name>
      </input_file>
      <input_file id="fl-c7">
         <path>C:\ti\ccs1210\ccs\tools\compiler\ti-cgt-arm_20.2.7.LTS\lib\</path>
         <kind>archive</kind>
         <file>rtsv7M4_T_le_v4SPD16_eabi.lib</file>
         <name>fd_div_t2.asm.obj</name>
      </input_file>
      <input_file id="fl-c8">
         <path>C:\ti\ccs1210\ccs\tools\compiler\ti-cgt-arm_20.2.7.LTS\lib\</path>
         <kind>archive</kind>
         <file>rtsv7M4_T_le_v4SPD16_eabi.lib</file>
         <name>fd_mul_t2.asm.obj</name>
      </input_file>
      <input_file id="fl-c9">
         <path>C:\ti\ccs1210\ccs\tools\compiler\ti-cgt-arm_20.2.7.LTS\lib\</path>
         <kind>archive</kind>
         <file>rtsv7M4_T_le_v4SPD16_eabi.lib</file>
         <name>fd_toi_t2.asm.obj</name>
      </input_file>
      <input_file id="fl-ca">
         <path>C:\ti\ccs1210\ccs\tools\compiler\ti-cgt-arm_20.2.7.LTS\lib\</path>
         <kind>archive</kind>
         <file>rtsv7M4_T_le_v4SPD16_eabi.lib</file>
         <name>i_tofd_t2.asm.obj</name>
      </input_file>
      <input_file id="fl-cb">
         <path>C:\ti\ccs1210\ccs\tools\compiler\ti-cgt-arm_20.2.7.LTS\lib\</path>
         <kind>archive</kind>
         <file>rtsv7M4_T_le_v4SPD16_eabi.lib</file>
         <name>copy_zero_init.c.obj</name>
      </input_file>
      <input_file id="fl-cc">
         <path>C:\ti\ccs1210\ccs\tools\compiler\ti-cgt-arm_20.2.7.LTS\lib\</path>
         <kind>archive</kind>
         <file>rtsv7M4_T_le_v4SPD16_eabi.lib</file>
         <name>copy_decompress_none.c.obj</name>
      </input_file>
      <input_file id="fl-cd">
         <path>C:\ti\ccs1210\ccs\tools\compiler\ti-cgt-arm_20.2.7.LTS\lib\</path>
         <kind>archive</kind>
         <file>rtsv7M4_T_le_v4SPD16_eabi.lib</file>
         <name>copy_decompress_lzss.c.obj</name>
      </input_file>
      <input_file id="fl-ce">
         <path>C:\ti\ccs1210\ccs\tools\compiler\ti-cgt-arm_20.2.7.LTS\lib\</path>
         <kind>archive</kind>
         <file>rtsv7M4_T_le_v4SPD16_eabi.lib</file>
         <name>boot_cortex_m.c.obj</name>
      </input_file>
      <input_file id="fl-cf">
         <path>C:\ti\ccs1210\ccs\tools\compiler\ti-cgt-arm_20.2.7.LTS\lib\</path>
         <kind>archive</kind>
         <file>rtsv7M4_T_le_v4SPD16_eabi.lib</file>
         <name>errno.c.obj</name>
      </input_file>
      <input_file id="fl-d0">
         <path>C:\ti\ccs1210\ccs\tools\compiler\ti-cgt-arm_20.2.7.LTS\lib\</path>
         <kind>archive</kind>
         <file>rtsv7M4_T_le_v4SPD16_eabi.lib</file>
         <name>s_copysign.c.obj</name>
      </input_file>
      <input_file id="fl-d1">
         <path>C:\ti\ccs1210\ccs\tools\compiler\ti-cgt-arm_20.2.7.LTS\lib\</path>
         <kind>archive</kind>
         <file>rtsv7M4_T_le_v4SPD16_eabi.lib</file>
         <name>memcpy_t2.asm.obj</name>
      </input_file>
      <input_file id="fl-d2">
         <path>C:\ti\ccs1210\ccs\tools\compiler\ti-cgt-arm_20.2.7.LTS\lib\</path>
         <kind>archive</kind>
         <file>rtsv7M4_T_le_v4SPD16_eabi.lib</file>
         <name>memset_t2.asm.obj</name>
      </input_file>
      <input_file id="fl-d3">
         <path>C:\ti\ccs1210\ccs\tools\compiler\ti-cgt-arm_20.2.7.LTS\lib\</path>
         <kind>archive</kind>
         <file>rtsv7M4_T_le_v4SPD16_eabi.lib</file>
         <name>autoinit.c.obj</name>
      </input_file>
      <input_file id="fl-d4">
         <path>C:\ti\ccs1210\ccs\tools\compiler\ti-cgt-arm_20.2.7.LTS\lib\</path>
         <kind>archive</kind>
         <file>rtsv7M4_T_le_v4SPD16_eabi.lib</file>
         <name>pre_init.c.obj</name>
      </input_file>
      <input_file id="fl-d5">
         <path>C:\ti\ccs1210\ccs\tools\compiler\ti-cgt-arm_20.2.7.LTS\lib\</path>
         <kind>archive</kind>
         <file>rtsv7M4_T_le_v4SPD16_eabi.lib</file>
         <name>cpy_tbl.c.obj</name>
      </input_file>
      <input_file id="fl-d6">
         <path>C:\ti\ccs1210\ccs\tools\compiler\ti-cgt-arm_20.2.7.LTS\lib\</path>
         <kind>archive</kind>
         <file>rtsv7M4_T_le_v4SPD16_eabi.lib</file>
         <name>exit.c.obj</name>
      </input_file>
      <input_file id="fl-d7">
         <path>C:\ti\ccs1210\ccs\tools\compiler\ti-cgt-arm_20.2.7.LTS\lib\</path>
         <kind>archive</kind>
         <file>rtsv7M4_T_le_v4SPD16_eabi.lib</file>
         <name>_lock.c.obj</name>
      </input_file>
      <input_file id="fl-d8">
         <path>C:\ti\ccs1210\ccs\tools\compiler\ti-cgt-arm_20.2.7.LTS\lib\</path>
         <kind>archive</kind>
         <file>rtsv7M4_T_le_v4SPD16_eabi.lib</file>
         <name>args_main.c.obj</name>
      </input_file>
   </input_file_list>
   <object_component_list>
      <object_component id="oc-12">
         <name>.intvecs</name>
         <load_address>0x0</load_address>
         <run_address>0x0</run_address>
         <size>0x26c</size>
         <input_file_ref idref="fl-3"/>
      </object_component>
      <object_component id="oc-ce">
         <name>.text:pow</name>
         <load_address>0x26c</load_address>
         <run_address>0x26c</run_address>
         <size>0x9d0</size>
         <input_file_ref idref="fl-c2"/>
      </object_component>
      <object_component id="oc-9b">
         <name>.text</name>
         <load_address>0xc3c</load_address>
         <run_address>0xc3c</run_address>
         <size>0x1e4</size>
         <input_file_ref idref="fl-2"/>
      </object_component>
      <object_component id="oc-154">
         <name>.text</name>
         <load_address>0xe20</load_address>
         <run_address>0xe20</run_address>
         <size>0x1b6</size>
         <input_file_ref idref="fl-c5"/>
      </object_component>
      <object_component id="oc-15e">
         <name>.text:sqrt</name>
         <load_address>0xfd8</load_address>
         <run_address>0xfd8</run_address>
         <size>0x158</size>
         <input_file_ref idref="fl-c3"/>
      </object_component>
      <object_component id="oc-159">
         <name>.text</name>
         <load_address>0x1130</load_address>
         <run_address>0x1130</run_address>
         <size>0x136</size>
         <input_file_ref idref="fl-c7"/>
      </object_component>
      <object_component id="oc-f6">
         <name>.text:GPIOPadConfigSet</name>
         <load_address>0x1266</load_address>
         <run_address>0x1266</run_address>
         <size>0x132</size>
         <input_file_ref idref="fl-9"/>
      </object_component>
      <object_component id="oc-177">
         <name>.text:scalbn</name>
         <load_address>0x1398</load_address>
         <run_address>0x1398</run_address>
         <size>0x110</size>
         <input_file_ref idref="fl-c4"/>
      </object_component>
      <object_component id="oc-d9">
         <name>.text</name>
         <load_address>0x14a8</load_address>
         <run_address>0x14a8</run_address>
         <size>0xfc</size>
         <input_file_ref idref="fl-c8"/>
      </object_component>
      <object_component id="oc-de">
         <name>.text:SysCtlClockSet</name>
         <load_address>0x15a4</load_address>
         <run_address>0x15a4</run_address>
         <size>0xf4</size>
         <input_file_ref idref="fl-b"/>
      </object_component>
      <object_component id="oc-3b">
         <name>.text</name>
         <load_address>0x1698</load_address>
         <run_address>0x1698</run_address>
         <size>0x9c</size>
         <input_file_ref idref="fl-d1"/>
      </object_component>
      <object_component id="oc-16d">
         <name>.text:__aeabi_cdcmple</name>
         <load_address>0x1734</load_address>
         <run_address>0x1734</run_address>
         <size>0x86</size>
         <input_file_ref idref="fl-c6"/>
      </object_component>
      <object_component id="oc-172">
         <name>.text:__aeabi_cdrcmple</name>
         <load_address>0x17ba</load_address>
         <run_address>0x17ba</run_address>
         <size>0x86</size>
         <input_file_ref idref="fl-c6"/>
      </object_component>
      <object_component id="oc-15">
         <name>.text:decompress:lzss:__TI_decompress_lzss</name>
         <load_address>0x1840</load_address>
         <run_address>0x1840</run_address>
         <size>0x68</size>
         <input_file_ref idref="fl-cd"/>
      </object_component>
      <object_component id="oc-d4">
         <name>.text</name>
         <load_address>0x18a8</load_address>
         <run_address>0x18a8</run_address>
         <size>0x48</size>
         <input_file_ref idref="fl-c9"/>
      </object_component>
      <object_component id="oc-113">
         <name>.text:__TI_auto_init_nobinit_nopinit:__TI_auto_init_nobinit_nopinit</name>
         <load_address>0x18f0</load_address>
         <run_address>0x18f0</run_address>
         <size>0x44</size>
         <input_file_ref idref="fl-d3"/>
      </object_component>
      <object_component id="oc-e4">
         <name>.text:SysCtlPeripheralEnable</name>
         <load_address>0x1934</load_address>
         <run_address>0x1934</run_address>
         <size>0x34</size>
         <input_file_ref idref="fl-b"/>
      </object_component>
      <object_component id="oc-59">
         <name>.text:_c_int00_noargs:_c_int00_noargs</name>
         <load_address>0x1968</load_address>
         <run_address>0x1968</run_address>
         <size>0x34</size>
         <input_file_ref idref="fl-ce"/>
      </object_component>
      <object_component id="oc-c9">
         <name>.text</name>
         <load_address>0x199c</load_address>
         <run_address>0x199c</run_address>
         <size>0x2e</size>
         <input_file_ref idref="fl-ca"/>
      </object_component>
      <object_component id="oc-18a">
         <name>.text:GPIODirModeSet</name>
         <load_address>0x19ca</load_address>
         <run_address>0x19ca</run_address>
         <size>0x2a</size>
         <input_file_ref idref="fl-9"/>
      </object_component>
      <object_component id="oc-1ca">
         <name>.text:copysign</name>
         <load_address>0x19f4</load_address>
         <run_address>0x19f4</run_address>
         <size>0x1a</size>
         <input_file_ref idref="fl-d0"/>
      </object_component>
      <object_component id="oc-ea">
         <name>.text:GPIOPinTypeGPIOOutput</name>
         <load_address>0x1a0e</load_address>
         <run_address>0x1a0e</run_address>
         <size>0x18</size>
         <input_file_ref idref="fl-9"/>
      </object_component>
      <object_component id="oc-f0">
         <name>.text:GPIOPinTypeGPIOInput</name>
         <load_address>0x1a26</load_address>
         <run_address>0x1a26</run_address>
         <size>0x12</size>
         <input_file_ref idref="fl-9"/>
      </object_component>
      <object_component id="oc-1b">
         <name>.text:decompress:none:__TI_decompress_none</name>
         <load_address>0x1a38</load_address>
         <run_address>0x1a38</run_address>
         <size>0xe</size>
         <input_file_ref idref="fl-cc"/>
      </object_component>
      <object_component id="oc-27">
         <name>.text</name>
         <load_address>0x1a46</load_address>
         <run_address>0x1a46</run_address>
         <size>0xc</size>
         <input_file_ref idref="fl-3"/>
      </object_component>
      <object_component id="oc-164">
         <name>.text:__aeabi_errno_addr</name>
         <load_address>0x1a54</load_address>
         <run_address>0x1a54</run_address>
         <size>0x8</size>
         <input_file_ref idref="fl-cf"/>
      </object_component>
      <object_component id="oc-c3">
         <name>.text:GPIOPinRead</name>
         <load_address>0x1a5c</load_address>
         <run_address>0x1a5c</run_address>
         <size>0x6</size>
         <input_file_ref idref="fl-9"/>
      </object_component>
      <object_component id="oc-fc">
         <name>.text:GPIOPinWrite</name>
         <load_address>0x1a62</load_address>
         <run_address>0x1a62</run_address>
         <size>0x6</size>
         <input_file_ref idref="fl-9"/>
      </object_component>
      <object_component id="oc-102">
         <name>.text:SysCtlDelay</name>
         <load_address>0x1a68</load_address>
         <run_address>0x1a68</run_address>
         <size>0x6</size>
         <input_file_ref idref="fl-b"/>
      </object_component>
      <object_component id="oc-95">
         <name>.text:_system_pre_init</name>
         <load_address>0x1a6e</load_address>
         <run_address>0x1a6e</run_address>
         <size>0x4</size>
         <input_file_ref idref="fl-d4"/>
      </object_component>
      <object_component id="oc-107">
         <name>.text:abort:abort</name>
         <load_address>0x1a72</load_address>
         <run_address>0x1a72</run_address>
         <size>0x4</size>
         <input_file_ref idref="fl-d6"/>
      </object_component>
      <object_component id="oc-16a">
         <name>.const:$O1$$</name>
         <load_address>0x1a78</load_address>
         <run_address>0x1a78</run_address>
         <size>0x30</size>
         <input_file_ref idref="fl-c2"/>
      </object_component>
      <object_component id="oc-24f">
         <name>.cinit..data.load</name>
         <load_address>0x1aa8</load_address>
         <run_address>0x1aa8</run_address>
         <size>0x19</size>
      </object_component>
      <object_component id="oc-24d">
         <name>__TI_handler_table</name>
         <load_address>0x1ac4</load_address>
         <run_address>0x1ac4</run_address>
         <size>0x8</size>
      </object_component>
      <object_component id="oc-24e">
         <name>__TI_cinit_table</name>
         <load_address>0x1acc</load_address>
         <run_address>0x1acc</run_address>
         <size>0x8</size>
      </object_component>
      <object_component id="oc-103">
         <name>.data</name>
         <load_address>0x20000200</load_address>
         <run_address>0x20000200</run_address>
         <size>0x2c</size>
         <input_file_ref idref="fl-2"/>
      </object_component>
      <object_component id="oc-1c1">
         <name>.data</name>
         <load_address>0x2000022c</load_address>
         <run_address>0x2000022c</run_address>
         <size>0x4</size>
         <input_file_ref idref="fl-cf"/>
      </object_component>
      <object_component id="oc-24">
         <name>.stack</name>
         <uninitialized>true</uninitialized>
         <run_address>0x20000000</run_address>
         <size>0x4</size>
         <input_file_ref idref="fl-ce"/>
      </object_component>
      <object_component id="oc-251">
         <name>.stack</name>
         <uninitialized>true</uninitialized>
         <run_address>0x20000000</run_address>
         <size>0x0</size>
      </object_component>
      <object_component id="oc-b2">
         <name>.debug_info</name>
         <load_address>0x0</load_address>
         <run_address>0x0</run_address>
         <size>0x464</size>
         <input_file_ref idref="fl-2"/>
      </object_component>
      <object_component id="oc-104">
         <name>.debug_info</name>
         <load_address>0x464</load_address>
         <run_address>0x464</run_address>
         <size>0x263</size>
         <input_file_ref idref="fl-2"/>
      </object_component>
      <object_component id="oc-9d">
         <name>.debug_info</name>
         <load_address>0x6c7</load_address>
         <run_address>0x6c7</run_address>
         <size>0x42b</size>
         <input_file_ref idref="fl-2"/>
      </object_component>
      <object_component id="oc-70">
         <name>.debug_info</name>
         <load_address>0xaf2</load_address>
         <run_address>0xaf2</run_address>
         <size>0x26b</size>
         <input_file_ref idref="fl-2"/>
      </object_component>
      <object_component id="oc-36">
         <name>.debug_info</name>
         <load_address>0xd5d</load_address>
         <run_address>0xd5d</run_address>
         <size>0x84</size>
         <input_file_ref idref="fl-2"/>
      </object_component>
      <object_component id="oc-ad">
         <name>.debug_info</name>
         <load_address>0xde1</load_address>
         <run_address>0xde1</run_address>
         <size>0x2a4</size>
         <input_file_ref idref="fl-2"/>
      </object_component>
      <object_component id="oc-75">
         <name>.debug_info</name>
         <load_address>0x1085</load_address>
         <run_address>0x1085</run_address>
         <size>0xbb</size>
         <input_file_ref idref="fl-2"/>
      </object_component>
      <object_component id="oc-147">
         <name>.debug_info</name>
         <load_address>0x1140</load_address>
         <run_address>0x1140</run_address>
         <size>0x35</size>
         <input_file_ref idref="fl-2"/>
      </object_component>
      <object_component id="oc-2f">
         <name>.debug_info</name>
         <load_address>0x1175</load_address>
         <run_address>0x1175</run_address>
         <size>0x2b2</size>
         <input_file_ref idref="fl-3"/>
      </object_component>
      <object_component id="oc-13">
         <name>.debug_info</name>
         <load_address>0x1427</load_address>
         <run_address>0x1427</run_address>
         <size>0xf1</size>
         <input_file_ref idref="fl-3"/>
      </object_component>
      <object_component id="oc-28">
         <name>.debug_info</name>
         <load_address>0x1518</load_address>
         <run_address>0x1518</run_address>
         <size>0x26d</size>
         <input_file_ref idref="fl-3"/>
      </object_component>
      <object_component id="oc-152">
         <name>.debug_info</name>
         <load_address>0x1785</load_address>
         <run_address>0x1785</run_address>
         <size>0x240</size>
         <input_file_ref idref="fl-9"/>
      </object_component>
      <object_component id="oc-fd">
         <name>.debug_info</name>
         <load_address>0x19c5</load_address>
         <run_address>0x19c5</run_address>
         <size>0x2a3</size>
         <input_file_ref idref="fl-9"/>
      </object_component>
      <object_component id="oc-18b">
         <name>.debug_info</name>
         <load_address>0x1c68</load_address>
         <run_address>0x1c68</run_address>
         <size>0x2b3</size>
         <input_file_ref idref="fl-9"/>
      </object_component>
      <object_component id="oc-f7">
         <name>.debug_info</name>
         <load_address>0x1f1b</load_address>
         <run_address>0x1f1b</run_address>
         <size>0x316</size>
         <input_file_ref idref="fl-9"/>
      </object_component>
      <object_component id="oc-eb">
         <name>.debug_info</name>
         <load_address>0x2231</load_address>
         <run_address>0x2231</run_address>
         <size>0x2b7</size>
         <input_file_ref idref="fl-9"/>
      </object_component>
      <object_component id="oc-f1">
         <name>.debug_info</name>
         <load_address>0x24e8</load_address>
         <run_address>0x24e8</run_address>
         <size>0x285</size>
         <input_file_ref idref="fl-9"/>
      </object_component>
      <object_component id="oc-c4">
         <name>.debug_info</name>
         <load_address>0x276d</load_address>
         <run_address>0x276d</run_address>
         <size>0x27b</size>
         <input_file_ref idref="fl-9"/>
      </object_component>
      <object_component id="oc-193">
         <name>.debug_info</name>
         <load_address>0x29e8</load_address>
         <run_address>0x29e8</run_address>
         <size>0x8b</size>
         <input_file_ref idref="fl-9"/>
      </object_component>
      <object_component id="oc-14d">
         <name>.debug_info</name>
         <load_address>0x2a73</load_address>
         <run_address>0x2a73</run_address>
         <size>0x18b</size>
         <input_file_ref idref="fl-9"/>
      </object_component>
      <object_component id="oc-188">
         <name>.debug_info</name>
         <load_address>0x2bfe</load_address>
         <run_address>0x2bfe</run_address>
         <size>0x298</size>
         <input_file_ref idref="fl-b"/>
      </object_component>
      <object_component id="oc-e6">
         <name>.debug_info</name>
         <load_address>0x2e96</load_address>
         <run_address>0x2e96</run_address>
         <size>0x27d</size>
         <input_file_ref idref="fl-b"/>
      </object_component>
      <object_component id="oc-e0">
         <name>.debug_info</name>
         <load_address>0x3113</load_address>
         <run_address>0x3113</run_address>
         <size>0x2db</size>
         <input_file_ref idref="fl-b"/>
      </object_component>
      <object_component id="oc-1e0">
         <name>.debug_info</name>
         <load_address>0x33ee</load_address>
         <run_address>0x33ee</run_address>
         <size>0x5f</size>
         <input_file_ref idref="fl-b"/>
      </object_component>
      <object_component id="oc-183">
         <name>.debug_info</name>
         <load_address>0x344d</load_address>
         <run_address>0x344d</run_address>
         <size>0x35e</size>
         <input_file_ref idref="fl-c2"/>
      </object_component>
      <object_component id="oc-16b">
         <name>.debug_info</name>
         <load_address>0x37ab</load_address>
         <run_address>0x37ab</run_address>
         <size>0x128</size>
         <input_file_ref idref="fl-c2"/>
      </object_component>
      <object_component id="oc-cf">
         <name>.debug_info</name>
         <load_address>0x38d3</load_address>
         <run_address>0x38d3</run_address>
         <size>0xbf2</size>
         <input_file_ref idref="fl-c2"/>
      </object_component>
      <object_component id="oc-1d7">
         <name>.debug_info</name>
         <load_address>0x44c5</load_address>
         <run_address>0x44c5</run_address>
         <size>0x46</size>
         <input_file_ref idref="fl-c2"/>
      </object_component>
      <object_component id="oc-17e">
         <name>.debug_info</name>
         <load_address>0x450b</load_address>
         <run_address>0x450b</run_address>
         <size>0x39</size>
         <input_file_ref idref="fl-c2"/>
      </object_component>
      <object_component id="oc-1c0">
         <name>.debug_info</name>
         <load_address>0x4544</load_address>
         <run_address>0x4544</run_address>
         <size>0x2c5</size>
         <input_file_ref idref="fl-c3"/>
      </object_component>
      <object_component id="oc-160">
         <name>.debug_info</name>
         <load_address>0x4809</load_address>
         <run_address>0x4809</run_address>
         <size>0x24e</size>
         <input_file_ref idref="fl-c3"/>
      </object_component>
      <object_component id="oc-1d1">
         <name>.debug_info</name>
         <load_address>0x4a57</load_address>
         <run_address>0x4a57</run_address>
         <size>0x2f8</size>
         <input_file_ref idref="fl-c4"/>
      </object_component>
      <object_component id="oc-179">
         <name>.debug_info</name>
         <load_address>0x4d4f</load_address>
         <run_address>0x4d4f</run_address>
         <size>0x225</size>
         <input_file_ref idref="fl-c4"/>
      </object_component>
      <object_component id="oc-210">
         <name>.debug_info</name>
         <load_address>0x4f74</load_address>
         <run_address>0x4f74</run_address>
         <size>0x39</size>
         <input_file_ref idref="fl-c4"/>
      </object_component>
      <object_component id="oc-1d2">
         <name>.debug_info</name>
         <load_address>0x4fad</load_address>
         <run_address>0x4fad</run_address>
         <size>0x2c</size>
         <input_file_ref idref="fl-c4"/>
      </object_component>
      <object_component id="oc-155">
         <name>.debug_info</name>
         <load_address>0x4fd9</load_address>
         <run_address>0x4fd9</run_address>
         <size>0x14c</size>
         <input_file_ref idref="fl-c5"/>
      </object_component>
      <object_component id="oc-16f">
         <name>.debug_info</name>
         <load_address>0x5125</load_address>
         <run_address>0x5125</run_address>
         <size>0x128</size>
         <input_file_ref idref="fl-c6"/>
      </object_component>
      <object_component id="oc-173">
         <name>.debug_info</name>
         <load_address>0x524d</load_address>
         <run_address>0x524d</run_address>
         <size>0x12a</size>
         <input_file_ref idref="fl-c6"/>
      </object_component>
      <object_component id="oc-15a">
         <name>.debug_info</name>
         <load_address>0x5377</load_address>
         <run_address>0x5377</run_address>
         <size>0x13a</size>
         <input_file_ref idref="fl-c7"/>
      </object_component>
      <object_component id="oc-db">
         <name>.debug_info</name>
         <load_address>0x54b1</load_address>
         <run_address>0x54b1</run_address>
         <size>0x13a</size>
         <input_file_ref idref="fl-c8"/>
      </object_component>
      <object_component id="oc-d5">
         <name>.debug_info</name>
         <load_address>0x55eb</load_address>
         <run_address>0x55eb</run_address>
         <size>0x12e</size>
         <input_file_ref idref="fl-c9"/>
      </object_component>
      <object_component id="oc-cc">
         <name>.debug_info</name>
         <load_address>0x5719</load_address>
         <run_address>0x5719</run_address>
         <size>0x12c</size>
         <input_file_ref idref="fl-ca"/>
      </object_component>
      <object_component id="oc-46">
         <name>.debug_info</name>
         <load_address>0x5845</load_address>
         <run_address>0x5845</run_address>
         <size>0x2a8</size>
         <input_file_ref idref="fl-cc"/>
      </object_component>
      <object_component id="oc-1c">
         <name>.debug_info</name>
         <load_address>0x5aed</load_address>
         <run_address>0x5aed</run_address>
         <size>0x1ea</size>
         <input_file_ref idref="fl-cc"/>
      </object_component>
      <object_component id="oc-41">
         <name>.debug_info</name>
         <load_address>0x5cd7</load_address>
         <run_address>0x5cd7</run_address>
         <size>0x46</size>
         <input_file_ref idref="fl-cc"/>
      </object_component>
      <object_component id="oc-81">
         <name>.debug_info</name>
         <load_address>0x5d1d</load_address>
         <run_address>0x5d1d</run_address>
         <size>0x2c</size>
         <input_file_ref idref="fl-cc"/>
      </object_component>
      <object_component id="oc-7f">
         <name>.debug_info</name>
         <load_address>0x5d49</load_address>
         <run_address>0x5d49</run_address>
         <size>0x29e</size>
         <input_file_ref idref="fl-cd"/>
      </object_component>
      <object_component id="oc-17">
         <name>.debug_info</name>
         <load_address>0x5fe7</load_address>
         <run_address>0x5fe7</run_address>
         <size>0x250</size>
         <input_file_ref idref="fl-cd"/>
      </object_component>
      <object_component id="oc-31">
         <name>.debug_info</name>
         <load_address>0x6237</load_address>
         <run_address>0x6237</run_address>
         <size>0x60</size>
         <input_file_ref idref="fl-cd"/>
      </object_component>
      <object_component id="oc-b3">
         <name>.debug_info</name>
         <load_address>0x6297</load_address>
         <run_address>0x6297</run_address>
         <size>0x46</size>
         <input_file_ref idref="fl-cd"/>
      </object_component>
      <object_component id="oc-7a">
         <name>.debug_info</name>
         <load_address>0x62dd</load_address>
         <run_address>0x62dd</run_address>
         <size>0x39</size>
         <input_file_ref idref="fl-cd"/>
      </object_component>
      <object_component id="oc-25">
         <name>.debug_info</name>
         <load_address>0x6316</load_address>
         <run_address>0x6316</run_address>
         <size>0x10b</size>
         <input_file_ref idref="fl-ce"/>
      </object_component>
      <object_component id="oc-5a">
         <name>.debug_info</name>
         <load_address>0x6421</load_address>
         <run_address>0x6421</run_address>
         <size>0x1a9</size>
         <input_file_ref idref="fl-ce"/>
      </object_component>
      <object_component id="oc-1c5">
         <name>.debug_info</name>
         <load_address>0x65ca</load_address>
         <run_address>0x65ca</run_address>
         <size>0x289</size>
         <input_file_ref idref="fl-cf"/>
      </object_component>
      <object_component id="oc-1c2">
         <name>.debug_info</name>
         <load_address>0x6853</load_address>
         <run_address>0x6853</run_address>
         <size>0x10e</size>
         <input_file_ref idref="fl-cf"/>
      </object_component>
      <object_component id="oc-165">
         <name>.debug_info</name>
         <load_address>0x6961</load_address>
         <run_address>0x6961</run_address>
         <size>0x14e</size>
         <input_file_ref idref="fl-cf"/>
      </object_component>
      <object_component id="oc-1cb">
         <name>.debug_info</name>
         <load_address>0x6aaf</load_address>
         <run_address>0x6aaf</run_address>
         <size>0x161</size>
         <input_file_ref idref="fl-d0"/>
      </object_component>
      <object_component id="oc-3d">
         <name>.debug_info</name>
         <load_address>0x6c10</load_address>
         <run_address>0x6c10</run_address>
         <size>0x119</size>
         <input_file_ref idref="fl-d1"/>
      </object_component>
      <object_component id="oc-1a6">
         <name>.debug_info</name>
         <load_address>0x6d29</load_address>
         <run_address>0x6d29</run_address>
         <size>0x4b3</size>
         <input_file_ref idref="fl-d3"/>
      </object_component>
      <object_component id="oc-114">
         <name>.debug_info</name>
         <load_address>0x71dc</load_address>
         <run_address>0x71dc</run_address>
         <size>0x1a6</size>
         <input_file_ref idref="fl-d3"/>
      </object_component>
      <object_component id="oc-1f6">
         <name>.debug_info</name>
         <load_address>0x7382</load_address>
         <run_address>0x7382</run_address>
         <size>0x39</size>
         <input_file_ref idref="fl-d3"/>
      </object_component>
      <object_component id="oc-218">
         <name>.debug_info</name>
         <load_address>0x73bb</load_address>
         <run_address>0x73bb</run_address>
         <size>0x39</size>
         <input_file_ref idref="fl-d3"/>
      </object_component>
      <object_component id="oc-1fb">
         <name>.debug_info</name>
         <load_address>0x73f4</load_address>
         <run_address>0x73f4</run_address>
         <size>0x39</size>
         <input_file_ref idref="fl-d3"/>
      </object_component>
      <object_component id="oc-200">
         <name>.debug_info</name>
         <load_address>0x742d</load_address>
         <run_address>0x742d</run_address>
         <size>0xcd</size>
         <input_file_ref idref="fl-d3"/>
      </object_component>
      <object_component id="oc-96">
         <name>.debug_info</name>
         <load_address>0x74fa</load_address>
         <run_address>0x74fa</run_address>
         <size>0x153</size>
         <input_file_ref idref="fl-d4"/>
      </object_component>
      <object_component id="oc-10a">
         <name>.debug_info</name>
         <load_address>0x764d</load_address>
         <run_address>0x764d</run_address>
         <size>0x122</size>
         <input_file_ref idref="fl-d6"/>
      </object_component>
      <object_component id="oc-252">
         <name>.debug_info</name>
         <load_address>0x776f</load_address>
         <run_address>0x776f</run_address>
         <size>0xa4</size>
      </object_component>
      <object_component id="oc-146">
         <name>.debug_line</name>
         <load_address>0x0</load_address>
         <run_address>0x0</run_address>
         <size>0xd7</size>
         <input_file_ref idref="fl-2"/>
      </object_component>
      <object_component id="oc-19a">
         <name>.debug_line</name>
         <load_address>0xd7</load_address>
         <run_address>0xd7</run_address>
         <size>0x2d</size>
         <input_file_ref idref="fl-2"/>
      </object_component>
      <object_component id="oc-9c">
         <name>.debug_line</name>
         <load_address>0x104</load_address>
         <run_address>0x104</run_address>
         <size>0xc9</size>
         <input_file_ref idref="fl-2"/>
      </object_component>
      <object_component id="oc-73">
         <name>.debug_line</name>
         <load_address>0x1cd</load_address>
         <run_address>0x1cd</run_address>
         <size>0x6f</size>
         <input_file_ref idref="fl-2"/>
      </object_component>
      <object_component id="oc-39">
         <name>.debug_line</name>
         <load_address>0x23c</load_address>
         <run_address>0x23c</run_address>
         <size>0x20</size>
         <input_file_ref idref="fl-2"/>
      </object_component>
      <object_component id="oc-b0">
         <name>.debug_line</name>
         <load_address>0x25c</load_address>
         <run_address>0x25c</run_address>
         <size>0x73</size>
         <input_file_ref idref="fl-2"/>
      </object_component>
      <object_component id="oc-78">
         <name>.debug_line</name>
         <load_address>0x2cf</load_address>
         <run_address>0x2cf</run_address>
         <size>0x70</size>
         <input_file_ref idref="fl-2"/>
      </object_component>
      <object_component id="oc-14a">
         <name>.debug_line</name>
         <load_address>0x33f</load_address>
         <run_address>0x33f</run_address>
         <size>0x72</size>
         <input_file_ref idref="fl-2"/>
      </object_component>
      <object_component id="oc-6f">
         <name>.debug_line</name>
         <load_address>0x3b1</load_address>
         <run_address>0x3b1</run_address>
         <size>0x41</size>
         <input_file_ref idref="fl-3"/>
      </object_component>
      <object_component id="oc-2e">
         <name>.debug_line</name>
         <load_address>0x3f2</load_address>
         <run_address>0x3f2</run_address>
         <size>0x41</size>
         <input_file_ref idref="fl-3"/>
      </object_component>
      <object_component id="oc-2b">
         <name>.debug_line</name>
         <load_address>0x433</load_address>
         <run_address>0x433</run_address>
         <size>0xa1</size>
         <input_file_ref idref="fl-3"/>
      </object_component>
      <object_component id="oc-1bc">
         <name>.debug_line</name>
         <load_address>0x4d4</load_address>
         <run_address>0x4d4</run_address>
         <size>0x82</size>
         <input_file_ref idref="fl-9"/>
      </object_component>
      <object_component id="oc-100">
         <name>.debug_line</name>
         <load_address>0x556</load_address>
         <run_address>0x556</run_address>
         <size>0x92</size>
         <input_file_ref idref="fl-9"/>
      </object_component>
      <object_component id="oc-18e">
         <name>.debug_line</name>
         <load_address>0x5e8</load_address>
         <run_address>0x5e8</run_address>
         <size>0x95</size>
         <input_file_ref idref="fl-9"/>
      </object_component>
      <object_component id="oc-fa">
         <name>.debug_line</name>
         <load_address>0x67d</load_address>
         <run_address>0x67d</run_address>
         <size>0xd1</size>
         <input_file_ref idref="fl-9"/>
      </object_component>
      <object_component id="oc-ee">
         <name>.debug_line</name>
         <load_address>0x74e</load_address>
         <run_address>0x74e</run_address>
         <size>0x99</size>
         <input_file_ref idref="fl-9"/>
      </object_component>
      <object_component id="oc-f4">
         <name>.debug_line</name>
         <load_address>0x7e7</load_address>
         <run_address>0x7e7</run_address>
         <size>0x93</size>
         <input_file_ref idref="fl-9"/>
      </object_component>
      <object_component id="oc-c7">
         <name>.debug_line</name>
         <load_address>0x87a</load_address>
         <run_address>0x87a</run_address>
         <size>0x92</size>
         <input_file_ref idref="fl-9"/>
      </object_component>
      <object_component id="oc-196">
         <name>.debug_line</name>
         <load_address>0x90c</load_address>
         <run_address>0x90c</run_address>
         <size>0x20</size>
         <input_file_ref idref="fl-9"/>
      </object_component>
      <object_component id="oc-150">
         <name>.debug_line</name>
         <load_address>0x92c</load_address>
         <run_address>0x92c</run_address>
         <size>0x69</size>
         <input_file_ref idref="fl-9"/>
      </object_component>
      <object_component id="oc-1df">
         <name>.debug_line</name>
         <load_address>0x995</load_address>
         <run_address>0x995</run_address>
         <size>0x13d</size>
         <input_file_ref idref="fl-b"/>
      </object_component>
      <object_component id="oc-e5">
         <name>.debug_line</name>
         <load_address>0xad2</load_address>
         <run_address>0xad2</run_address>
         <size>0x94</size>
         <input_file_ref idref="fl-b"/>
      </object_component>
      <object_component id="oc-df">
         <name>.debug_line</name>
         <load_address>0xb66</load_address>
         <run_address>0xb66</run_address>
         <size>0xee</size>
         <input_file_ref idref="fl-b"/>
      </object_component>
      <object_component id="oc-1e3">
         <name>.debug_line</name>
         <load_address>0xc54</load_address>
         <run_address>0xc54</run_address>
         <size>0x7f</size>
         <input_file_ref idref="fl-b"/>
      </object_component>
      <object_component id="oc-1dd">
         <name>.debug_line</name>
         <load_address>0xcd3</load_address>
         <run_address>0xcd3</run_address>
         <size>0x9b</size>
         <input_file_ref idref="fl-c2"/>
      </object_component>
      <object_component id="oc-1c7">
         <name>.debug_line</name>
         <load_address>0xd6e</load_address>
         <run_address>0xd6e</run_address>
         <size>0x2b</size>
         <input_file_ref idref="fl-c2"/>
      </object_component>
      <object_component id="oc-d2">
         <name>.debug_line</name>
         <load_address>0xd99</load_address>
         <run_address>0xd99</run_address>
         <size>0x2b6</size>
         <input_file_ref idref="fl-c2"/>
      </object_component>
      <object_component id="oc-1da">
         <name>.debug_line</name>
         <load_address>0x104f</load_address>
         <run_address>0x104f</run_address>
         <size>0x9a</size>
         <input_file_ref idref="fl-c2"/>
      </object_component>
      <object_component id="oc-181">
         <name>.debug_line</name>
         <load_address>0x10e9</load_address>
         <run_address>0x10e9</run_address>
         <size>0x97</size>
         <input_file_ref idref="fl-c2"/>
      </object_component>
      <object_component id="oc-208">
         <name>.debug_line</name>
         <load_address>0x1180</load_address>
         <run_address>0x1180</run_address>
         <size>0x91</size>
         <input_file_ref idref="fl-c3"/>
      </object_component>
      <object_component id="oc-15f">
         <name>.debug_line</name>
         <load_address>0x1211</load_address>
         <run_address>0x1211</run_address>
         <size>0x13f</size>
         <input_file_ref idref="fl-c3"/>
      </object_component>
      <object_component id="oc-20f">
         <name>.debug_line</name>
         <load_address>0x1350</load_address>
         <run_address>0x1350</run_address>
         <size>0x9b</size>
         <input_file_ref idref="fl-c4"/>
      </object_component>
      <object_component id="oc-178">
         <name>.debug_line</name>
         <load_address>0x13eb</load_address>
         <run_address>0x13eb</run_address>
         <size>0xa4</size>
         <input_file_ref idref="fl-c4"/>
      </object_component>
      <object_component id="oc-213">
         <name>.debug_line</name>
         <load_address>0x148f</load_address>
         <run_address>0x148f</run_address>
         <size>0x9a</size>
         <input_file_ref idref="fl-c4"/>
      </object_component>
      <object_component id="oc-1d5">
         <name>.debug_line</name>
         <load_address>0x1529</load_address>
         <run_address>0x1529</run_address>
         <size>0x97</size>
         <input_file_ref idref="fl-c4"/>
      </object_component>
      <object_component id="oc-158">
         <name>.debug_line</name>
         <load_address>0x15c0</load_address>
         <run_address>0x15c0</run_address>
         <size>0xd2</size>
         <input_file_ref idref="fl-c5"/>
      </object_component>
      <object_component id="oc-16e">
         <name>.debug_line</name>
         <load_address>0x1692</load_address>
         <run_address>0x1692</run_address>
         <size>0x77</size>
         <input_file_ref idref="fl-c6"/>
      </object_component>
      <object_component id="oc-176">
         <name>.debug_line</name>
         <load_address>0x1709</load_address>
         <run_address>0x1709</run_address>
         <size>0x77</size>
         <input_file_ref idref="fl-c6"/>
      </object_component>
      <object_component id="oc-15d">
         <name>.debug_line</name>
         <load_address>0x1780</load_address>
         <run_address>0x1780</run_address>
         <size>0xa8</size>
         <input_file_ref idref="fl-c7"/>
      </object_component>
      <object_component id="oc-dd">
         <name>.debug_line</name>
         <load_address>0x1828</load_address>
         <run_address>0x1828</run_address>
         <size>0x8e</size>
         <input_file_ref idref="fl-c8"/>
      </object_component>
      <object_component id="oc-d8">
         <name>.debug_line</name>
         <load_address>0x18b6</load_address>
         <run_address>0x18b6</run_address>
         <size>0x5a</size>
         <input_file_ref idref="fl-c9"/>
      </object_component>
      <object_component id="oc-ca">
         <name>.debug_line</name>
         <load_address>0x1910</load_address>
         <run_address>0x1910</run_address>
         <size>0x50</size>
         <input_file_ref idref="fl-ca"/>
      </object_component>
      <object_component id="oc-87">
         <name>.debug_line</name>
         <load_address>0x1960</load_address>
         <run_address>0x1960</run_address>
         <size>0x20</size>
         <input_file_ref idref="fl-cc"/>
      </object_component>
      <object_component id="oc-1f">
         <name>.debug_line</name>
         <load_address>0x1980</load_address>
         <run_address>0x1980</run_address>
         <size>0x55</size>
         <input_file_ref idref="fl-cc"/>
      </object_component>
      <object_component id="oc-44">
         <name>.debug_line</name>
         <load_address>0x19d5</load_address>
         <run_address>0x19d5</run_address>
         <size>0x3a</size>
         <input_file_ref idref="fl-cc"/>
      </object_component>
      <object_component id="oc-84">
         <name>.debug_line</name>
         <load_address>0x1a0f</load_address>
         <run_address>0x1a0f</run_address>
         <size>0x92</size>
         <input_file_ref idref="fl-cc"/>
      </object_component>
      <object_component id="oc-b9">
         <name>.debug_line</name>
         <load_address>0x1aa1</load_address>
         <run_address>0x1aa1</run_address>
         <size>0x20</size>
         <input_file_ref idref="fl-cd"/>
      </object_component>
      <object_component id="oc-16">
         <name>.debug_line</name>
         <load_address>0x1ac1</load_address>
         <run_address>0x1ac1</run_address>
         <size>0xa9</size>
         <input_file_ref idref="fl-cd"/>
      </object_component>
      <object_component id="oc-34">
         <name>.debug_line</name>
         <load_address>0x1b6a</load_address>
         <run_address>0x1b6a</run_address>
         <size>0x3a</size>
         <input_file_ref idref="fl-cd"/>
      </object_component>
      <object_component id="oc-b6">
         <name>.debug_line</name>
         <load_address>0x1ba4</load_address>
         <run_address>0x1ba4</run_address>
         <size>0x9a</size>
         <input_file_ref idref="fl-cd"/>
      </object_component>
      <object_component id="oc-7d">
         <name>.debug_line</name>
         <load_address>0x1c3e</load_address>
         <run_address>0x1c3e</run_address>
         <size>0x96</size>
         <input_file_ref idref="fl-cd"/>
      </object_component>
      <object_component id="oc-6c">
         <name>.debug_line</name>
         <load_address>0x1cd4</load_address>
         <run_address>0x1cd4</run_address>
         <size>0x33</size>
         <input_file_ref idref="fl-ce"/>
      </object_component>
      <object_component id="oc-5d">
         <name>.debug_line</name>
         <load_address>0x1d07</load_address>
         <run_address>0x1d07</run_address>
         <size>0x45</size>
         <input_file_ref idref="fl-ce"/>
      </object_component>
      <object_component id="oc-20c">
         <name>.debug_line</name>
         <load_address>0x1d4c</load_address>
         <run_address>0x1d4c</run_address>
         <size>0x20</size>
         <input_file_ref idref="fl-cf"/>
      </object_component>
      <object_component id="oc-20a">
         <name>.debug_line</name>
         <load_address>0x1d6c</load_address>
         <run_address>0x1d6c</run_address>
         <size>0x2b</size>
         <input_file_ref idref="fl-cf"/>
      </object_component>
      <object_component id="oc-168">
         <name>.debug_line</name>
         <load_address>0x1d97</load_address>
         <run_address>0x1d97</run_address>
         <size>0x40</size>
         <input_file_ref idref="fl-cf"/>
      </object_component>
      <object_component id="oc-1cf">
         <name>.debug_line</name>
         <load_address>0x1dd7</load_address>
         <run_address>0x1dd7</run_address>
         <size>0x45</size>
         <input_file_ref idref="fl-d0"/>
      </object_component>
      <object_component id="oc-3f">
         <name>.debug_line</name>
         <load_address>0x1e1c</load_address>
         <run_address>0x1e1c</run_address>
         <size>0x88</size>
         <input_file_ref idref="fl-d1"/>
      </object_component>
      <object_component id="oc-1f5">
         <name>.debug_line</name>
         <load_address>0x1ea4</load_address>
         <run_address>0x1ea4</run_address>
         <size>0xbf</size>
         <input_file_ref idref="fl-d3"/>
      </object_component>
      <object_component id="oc-117">
         <name>.debug_line</name>
         <load_address>0x1f63</load_address>
         <run_address>0x1f63</run_address>
         <size>0x6f</size>
         <input_file_ref idref="fl-d3"/>
      </object_component>
      <object_component id="oc-1f9">
         <name>.debug_line</name>
         <load_address>0x1fd2</load_address>
         <run_address>0x1fd2</run_address>
         <size>0x2e</size>
         <input_file_ref idref="fl-d3"/>
      </object_component>
      <object_component id="oc-21b">
         <name>.debug_line</name>
         <load_address>0x2000</load_address>
         <run_address>0x2000</run_address>
         <size>0x9a</size>
         <input_file_ref idref="fl-d3"/>
      </object_component>
      <object_component id="oc-1fe">
         <name>.debug_line</name>
         <load_address>0x209a</load_address>
         <run_address>0x209a</run_address>
         <size>0x97</size>
         <input_file_ref idref="fl-d3"/>
      </object_component>
      <object_component id="oc-203">
         <name>.debug_line</name>
         <load_address>0x2131</load_address>
         <run_address>0x2131</run_address>
         <size>0x93</size>
         <input_file_ref idref="fl-d3"/>
      </object_component>
      <object_component id="oc-99">
         <name>.debug_line</name>
         <load_address>0x21c4</load_address>
         <run_address>0x21c4</run_address>
         <size>0x40</size>
         <input_file_ref idref="fl-d4"/>
      </object_component>
      <object_component id="oc-10c">
         <name>.debug_line</name>
         <load_address>0x2204</load_address>
         <run_address>0x2204</run_address>
         <size>0x3c</size>
         <input_file_ref idref="fl-d6"/>
      </object_component>
      <object_component id="oc-a0">
         <name>.debug_frame</name>
         <load_address>0x0</load_address>
         <run_address>0x0</run_address>
         <size>0xac</size>
         <input_file_ref idref="fl-2"/>
      </object_component>
      <object_component id="oc-2c">
         <name>.debug_frame</name>
         <load_address>0xac</load_address>
         <run_address>0xac</run_address>
         <size>0x90</size>
         <input_file_ref idref="fl-3"/>
      </object_component>
      <object_component id="oc-101">
         <name>.debug_frame</name>
         <load_address>0x530</load_address>
         <run_address>0x530</run_address>
         <size>0x7f</size>
         <input_file_ref idref="fl-9"/>
      </object_component>
      <object_component id="oc-18f">
         <name>.debug_frame</name>
         <load_address>0x5af</load_address>
         <run_address>0x5af</run_address>
         <size>0x7f</size>
         <input_file_ref idref="fl-9"/>
      </object_component>
      <object_component id="oc-fb">
         <name>.debug_frame</name>
         <load_address>0x62e</load_address>
         <run_address>0x62e</run_address>
         <size>0x8f</size>
         <input_file_ref idref="fl-9"/>
      </object_component>
      <object_component id="oc-ef">
         <name>.debug_frame</name>
         <load_address>0x6bd</load_address>
         <run_address>0x6bd</run_address>
         <size>0x8a</size>
         <input_file_ref idref="fl-9"/>
      </object_component>
      <object_component id="oc-f5">
         <name>.debug_frame</name>
         <load_address>0x747</load_address>
         <run_address>0x747</run_address>
         <size>0x86</size>
         <input_file_ref idref="fl-9"/>
      </object_component>
      <object_component id="oc-c8">
         <name>.debug_frame</name>
         <load_address>0x7cd</load_address>
         <run_address>0x7cd</run_address>
         <size>0x7f</size>
         <input_file_ref idref="fl-9"/>
      </object_component>
      <object_component id="oc-e9">
         <name>.debug_frame</name>
         <load_address>0x84c</load_address>
         <run_address>0x84c</run_address>
         <size>0x7f</size>
         <input_file_ref idref="fl-b"/>
      </object_component>
      <object_component id="oc-e3">
         <name>.debug_frame</name>
         <load_address>0x8cb</load_address>
         <run_address>0x8cb</run_address>
         <size>0x93</size>
         <input_file_ref idref="fl-b"/>
      </object_component>
      <object_component id="oc-d3">
         <name>.debug_frame</name>
         <load_address>0x13c</load_address>
         <run_address>0x13c</run_address>
         <size>0x7c</size>
         <input_file_ref idref="fl-c2"/>
      </object_component>
      <object_component id="oc-163">
         <name>.debug_frame</name>
         <load_address>0x1b8</load_address>
         <run_address>0x1b8</run_address>
         <size>0x64</size>
         <input_file_ref idref="fl-c3"/>
      </object_component>
      <object_component id="oc-17c">
         <name>.debug_frame</name>
         <load_address>0x21c</load_address>
         <run_address>0x21c</run_address>
         <size>0x64</size>
         <input_file_ref idref="fl-c4"/>
      </object_component>
      <object_component id="oc-20">
         <name>.debug_frame</name>
         <load_address>0x280</load_address>
         <run_address>0x280</run_address>
         <size>0x54</size>
         <input_file_ref idref="fl-cc"/>
      </object_component>
      <object_component id="oc-1a">
         <name>.debug_frame</name>
         <load_address>0x2d4</load_address>
         <run_address>0x2d4</run_address>
         <size>0x60</size>
         <input_file_ref idref="fl-cd"/>
      </object_component>
      <object_component id="oc-5e">
         <name>.debug_frame</name>
         <load_address>0x334</load_address>
         <run_address>0x334</run_address>
         <size>0x50</size>
         <input_file_ref idref="fl-ce"/>
      </object_component>
      <object_component id="oc-169">
         <name>.debug_frame</name>
         <load_address>0x384</load_address>
         <run_address>0x384</run_address>
         <size>0x54</size>
         <input_file_ref idref="fl-cf"/>
      </object_component>
      <object_component id="oc-1ce">
         <name>.debug_frame</name>
         <load_address>0x3d8</load_address>
         <run_address>0x3d8</run_address>
         <size>0x54</size>
         <input_file_ref idref="fl-d0"/>
      </object_component>
      <object_component id="oc-118">
         <name>.debug_frame</name>
         <load_address>0x42c</load_address>
         <run_address>0x42c</run_address>
         <size>0x5c</size>
         <input_file_ref idref="fl-d3"/>
      </object_component>
      <object_component id="oc-9a">
         <name>.debug_frame</name>
         <load_address>0x488</load_address>
         <run_address>0x488</run_address>
         <size>0x54</size>
         <input_file_ref idref="fl-d4"/>
      </object_component>
      <object_component id="oc-109">
         <name>.debug_frame</name>
         <load_address>0x4dc</load_address>
         <run_address>0x4dc</run_address>
         <size>0x54</size>
         <input_file_ref idref="fl-d6"/>
      </object_component>
      <object_component id="oc-145">
         <name>.debug_abbrev</name>
         <load_address>0x0</load_address>
         <run_address>0x0</run_address>
         <size>0xa5</size>
         <input_file_ref idref="fl-2"/>
      </object_component>
      <object_component id="oc-199">
         <name>.debug_abbrev</name>
         <load_address>0xa5</load_address>
         <run_address>0xa5</run_address>
         <size>0x29</size>
         <input_file_ref idref="fl-2"/>
      </object_component>
      <object_component id="oc-106">
         <name>.debug_abbrev</name>
         <load_address>0xce</load_address>
         <run_address>0xce</run_address>
         <size>0x7a</size>
         <input_file_ref idref="fl-2"/>
      </object_component>
      <object_component id="oc-72">
         <name>.debug_abbrev</name>
         <load_address>0x148</load_address>
         <run_address>0x148</run_address>
         <size>0x69</size>
         <input_file_ref idref="fl-2"/>
      </object_component>
      <object_component id="oc-38">
         <name>.debug_abbrev</name>
         <load_address>0x1b1</load_address>
         <run_address>0x1b1</run_address>
         <size>0x1f</size>
         <input_file_ref idref="fl-2"/>
      </object_component>
      <object_component id="oc-af">
         <name>.debug_abbrev</name>
         <load_address>0x1d0</load_address>
         <run_address>0x1d0</run_address>
         <size>0x5c</size>
         <input_file_ref idref="fl-2"/>
      </object_component>
      <object_component id="oc-77">
         <name>.debug_abbrev</name>
         <load_address>0x22c</load_address>
         <run_address>0x22c</run_address>
         <size>0x24</size>
         <input_file_ref idref="fl-2"/>
      </object_component>
      <object_component id="oc-149">
         <name>.debug_abbrev</name>
         <load_address>0x250</load_address>
         <run_address>0x250</run_address>
         <size>0x33</size>
         <input_file_ref idref="fl-2"/>
      </object_component>
      <object_component id="oc-6e">
         <name>.debug_abbrev</name>
         <load_address>0x283</load_address>
         <run_address>0x283</run_address>
         <size>0x68</size>
         <input_file_ref idref="fl-3"/>
      </object_component>
      <object_component id="oc-2d">
         <name>.debug_abbrev</name>
         <load_address>0x2eb</load_address>
         <run_address>0x2eb</run_address>
         <size>0x29</size>
         <input_file_ref idref="fl-3"/>
      </object_component>
      <object_component id="oc-6d">
         <name>.debug_abbrev</name>
         <load_address>0x314</load_address>
         <run_address>0x314</run_address>
         <size>0x79</size>
         <input_file_ref idref="fl-3"/>
      </object_component>
      <object_component id="oc-1bb">
         <name>.debug_abbrev</name>
         <load_address>0x38d</load_address>
         <run_address>0x38d</run_address>
         <size>0x72</size>
         <input_file_ref idref="fl-9"/>
      </object_component>
      <object_component id="oc-198">
         <name>.debug_abbrev</name>
         <load_address>0x3ff</load_address>
         <run_address>0x3ff</run_address>
         <size>0x6c</size>
         <input_file_ref idref="fl-9"/>
      </object_component>
      <object_component id="oc-1e5">
         <name>.debug_abbrev</name>
         <load_address>0x46b</load_address>
         <run_address>0x46b</run_address>
         <size>0x6c</size>
         <input_file_ref idref="fl-9"/>
      </object_component>
      <object_component id="oc-192">
         <name>.debug_abbrev</name>
         <load_address>0x4d7</load_address>
         <run_address>0x4d7</run_address>
         <size>0x6c</size>
         <input_file_ref idref="fl-9"/>
      </object_component>
      <object_component id="oc-190">
         <name>.debug_abbrev</name>
         <load_address>0x543</load_address>
         <run_address>0x543</run_address>
         <size>0x7a</size>
         <input_file_ref idref="fl-9"/>
      </object_component>
      <object_component id="oc-191">
         <name>.debug_abbrev</name>
         <load_address>0x5bd</load_address>
         <run_address>0x5bd</run_address>
         <size>0x6c</size>
         <input_file_ref idref="fl-9"/>
      </object_component>
      <object_component id="oc-14c">
         <name>.debug_abbrev</name>
         <load_address>0x629</load_address>
         <run_address>0x629</run_address>
         <size>0x6e</size>
         <input_file_ref idref="fl-9"/>
      </object_component>
      <object_component id="oc-195">
         <name>.debug_abbrev</name>
         <load_address>0x697</load_address>
         <run_address>0x697</run_address>
         <size>0x1f</size>
         <input_file_ref idref="fl-9"/>
      </object_component>
      <object_component id="oc-14f">
         <name>.debug_abbrev</name>
         <load_address>0x6b6</load_address>
         <run_address>0x6b6</run_address>
         <size>0x35</size>
         <input_file_ref idref="fl-9"/>
      </object_component>
      <object_component id="oc-1de">
         <name>.debug_abbrev</name>
         <load_address>0x6eb</load_address>
         <run_address>0x6eb</run_address>
         <size>0xb0</size>
         <input_file_ref idref="fl-b"/>
      </object_component>
      <object_component id="oc-189">
         <name>.debug_abbrev</name>
         <load_address>0x79b</load_address>
         <run_address>0x79b</run_address>
         <size>0x6c</size>
         <input_file_ref idref="fl-b"/>
      </object_component>
      <object_component id="oc-187">
         <name>.debug_abbrev</name>
         <load_address>0x807</load_address>
         <run_address>0x807</run_address>
         <size>0x7a</size>
         <input_file_ref idref="fl-b"/>
      </object_component>
      <object_component id="oc-1e2">
         <name>.debug_abbrev</name>
         <load_address>0x881</load_address>
         <run_address>0x881</run_address>
         <size>0x49</size>
         <input_file_ref idref="fl-b"/>
      </object_component>
      <object_component id="oc-1dc">
         <name>.debug_abbrev</name>
         <load_address>0x8ca</load_address>
         <run_address>0x8ca</run_address>
         <size>0x99</size>
         <input_file_ref idref="fl-c2"/>
      </object_component>
      <object_component id="oc-1c6">
         <name>.debug_abbrev</name>
         <load_address>0x963</load_address>
         <run_address>0x963</run_address>
         <size>0x27</size>
         <input_file_ref idref="fl-c2"/>
      </object_component>
      <object_component id="oc-17d">
         <name>.debug_abbrev</name>
         <load_address>0x98a</load_address>
         <run_address>0x98a</run_address>
         <size>0x7f</size>
         <input_file_ref idref="fl-c2"/>
      </object_component>
      <object_component id="oc-1d9">
         <name>.debug_abbrev</name>
         <load_address>0xa09</load_address>
         <run_address>0xa09</run_address>
         <size>0x24</size>
         <input_file_ref idref="fl-c2"/>
      </object_component>
      <object_component id="oc-180">
         <name>.debug_abbrev</name>
         <load_address>0xa2d</load_address>
         <run_address>0xa2d</run_address>
         <size>0x24</size>
         <input_file_ref idref="fl-c2"/>
      </object_component>
      <object_component id="oc-207">
         <name>.debug_abbrev</name>
         <load_address>0xa51</load_address>
         <run_address>0xa51</run_address>
         <size>0x4b</size>
         <input_file_ref idref="fl-c3"/>
      </object_component>
      <object_component id="oc-1bf">
         <name>.debug_abbrev</name>
         <load_address>0xa9c</load_address>
         <run_address>0xa9c</run_address>
         <size>0x7f</size>
         <input_file_ref idref="fl-c3"/>
      </object_component>
      <object_component id="oc-20e">
         <name>.debug_abbrev</name>
         <load_address>0xb1b</load_address>
         <run_address>0xb1b</run_address>
         <size>0x6a</size>
         <input_file_ref idref="fl-c4"/>
      </object_component>
      <object_component id="oc-1d0">
         <name>.debug_abbrev</name>
         <load_address>0xb85</load_address>
         <run_address>0xb85</run_address>
         <size>0x7f</size>
         <input_file_ref idref="fl-c4"/>
      </object_component>
      <object_component id="oc-212">
         <name>.debug_abbrev</name>
         <load_address>0xc04</load_address>
         <run_address>0xc04</run_address>
         <size>0x24</size>
         <input_file_ref idref="fl-c4"/>
      </object_component>
      <object_component id="oc-1d4">
         <name>.debug_abbrev</name>
         <load_address>0xc28</load_address>
         <run_address>0xc28</run_address>
         <size>0x24</size>
         <input_file_ref idref="fl-c4"/>
      </object_component>
      <object_component id="oc-1bd">
         <name>.debug_abbrev</name>
         <load_address>0xc4c</load_address>
         <run_address>0xc4c</run_address>
         <size>0x3c</size>
         <input_file_ref idref="fl-c5"/>
      </object_component>
      <object_component id="oc-1c8">
         <name>.debug_abbrev</name>
         <load_address>0xc88</load_address>
         <run_address>0xc88</run_address>
         <size>0x3c</size>
         <input_file_ref idref="fl-c6"/>
      </object_component>
      <object_component id="oc-1c9">
         <name>.debug_abbrev</name>
         <load_address>0xcc4</load_address>
         <run_address>0xcc4</run_address>
         <size>0x3c</size>
         <input_file_ref idref="fl-c6"/>
      </object_component>
      <object_component id="oc-1be">
         <name>.debug_abbrev</name>
         <load_address>0xd00</load_address>
         <run_address>0xd00</run_address>
         <size>0x3c</size>
         <input_file_ref idref="fl-c7"/>
      </object_component>
      <object_component id="oc-186">
         <name>.debug_abbrev</name>
         <load_address>0xd3c</load_address>
         <run_address>0xd3c</run_address>
         <size>0x3c</size>
         <input_file_ref idref="fl-c8"/>
      </object_component>
      <object_component id="oc-185">
         <name>.debug_abbrev</name>
         <load_address>0xd78</load_address>
         <run_address>0xd78</run_address>
         <size>0x3c</size>
         <input_file_ref idref="fl-c9"/>
      </object_component>
      <object_component id="oc-153">
         <name>.debug_abbrev</name>
         <load_address>0xdb4</load_address>
         <run_address>0xdb4</run_address>
         <size>0x3e</size>
         <input_file_ref idref="fl-ca"/>
      </object_component>
      <object_component id="oc-86">
         <name>.debug_abbrev</name>
         <load_address>0xdf2</load_address>
         <run_address>0xdf2</run_address>
         <size>0x37</size>
         <input_file_ref idref="fl-cc"/>
      </object_component>
      <object_component id="oc-40">
         <name>.debug_abbrev</name>
         <load_address>0xe29</load_address>
         <run_address>0xe29</run_address>
         <size>0x74</size>
         <input_file_ref idref="fl-cc"/>
      </object_component>
      <object_component id="oc-43">
         <name>.debug_abbrev</name>
         <load_address>0xe9d</load_address>
         <run_address>0xe9d</run_address>
         <size>0x24</size>
         <input_file_ref idref="fl-cc"/>
      </object_component>
      <object_component id="oc-83">
         <name>.debug_abbrev</name>
         <load_address>0xec1</load_address>
         <run_address>0xec1</run_address>
         <size>0x24</size>
         <input_file_ref idref="fl-cc"/>
      </object_component>
      <object_component id="oc-b8">
         <name>.debug_abbrev</name>
         <load_address>0xee5</load_address>
         <run_address>0xee5</run_address>
         <size>0x37</size>
         <input_file_ref idref="fl-cd"/>
      </object_component>
      <object_component id="oc-30">
         <name>.debug_abbrev</name>
         <load_address>0xf1c</load_address>
         <run_address>0xf1c</run_address>
         <size>0x6f</size>
         <input_file_ref idref="fl-cd"/>
      </object_component>
      <object_component id="oc-33">
         <name>.debug_abbrev</name>
         <load_address>0xf8b</load_address>
         <run_address>0xf8b</run_address>
         <size>0x24</size>
         <input_file_ref idref="fl-cd"/>
      </object_component>
      <object_component id="oc-b5">
         <name>.debug_abbrev</name>
         <load_address>0xfaf</load_address>
         <run_address>0xfaf</run_address>
         <size>0x35</size>
         <input_file_ref idref="fl-cd"/>
      </object_component>
      <object_component id="oc-7c">
         <name>.debug_abbrev</name>
         <load_address>0xfe4</load_address>
         <run_address>0xfe4</run_address>
         <size>0x24</size>
         <input_file_ref idref="fl-cd"/>
      </object_component>
      <object_component id="oc-6b">
         <name>.debug_abbrev</name>
         <load_address>0x1008</load_address>
         <run_address>0x1008</run_address>
         <size>0x29</size>
         <input_file_ref idref="fl-ce"/>
      </object_component>
      <object_component id="oc-a4">
         <name>.debug_abbrev</name>
         <load_address>0x1031</load_address>
         <run_address>0x1031</run_address>
         <size>0x55</size>
         <input_file_ref idref="fl-ce"/>
      </object_component>
      <object_component id="oc-20b">
         <name>.debug_abbrev</name>
         <load_address>0x1086</load_address>
         <run_address>0x1086</run_address>
         <size>0x2e</size>
         <input_file_ref idref="fl-cf"/>
      </object_component>
      <object_component id="oc-209">
         <name>.debug_abbrev</name>
         <load_address>0x10b4</load_address>
         <run_address>0x10b4</run_address>
         <size>0x27</size>
         <input_file_ref idref="fl-cf"/>
      </object_component>
      <object_component id="oc-1c4">
         <name>.debug_abbrev</name>
         <load_address>0x10db</load_address>
         <run_address>0x10db</run_address>
         <size>0x55</size>
         <input_file_ref idref="fl-cf"/>
      </object_component>
      <object_component id="oc-20d">
         <name>.debug_abbrev</name>
         <load_address>0x1130</load_address>
         <run_address>0x1130</run_address>
         <size>0x63</size>
         <input_file_ref idref="fl-d0"/>
      </object_component>
      <object_component id="oc-80">
         <name>.debug_abbrev</name>
         <load_address>0x1193</load_address>
         <run_address>0x1193</run_address>
         <size>0x3e</size>
         <input_file_ref idref="fl-d1"/>
      </object_component>
      <object_component id="oc-1f4">
         <name>.debug_abbrev</name>
         <load_address>0x11d1</load_address>
         <run_address>0x11d1</run_address>
         <size>0xc0</size>
         <input_file_ref idref="fl-d3"/>
      </object_component>
      <object_component id="oc-1a5">
         <name>.debug_abbrev</name>
         <load_address>0x1291</load_address>
         <run_address>0x1291</run_address>
         <size>0x7e</size>
         <input_file_ref idref="fl-d3"/>
      </object_component>
      <object_component id="oc-1f8">
         <name>.debug_abbrev</name>
         <load_address>0x130f</load_address>
         <run_address>0x130f</run_address>
         <size>0x24</size>
         <input_file_ref idref="fl-d3"/>
      </object_component>
      <object_component id="oc-21a">
         <name>.debug_abbrev</name>
         <load_address>0x1333</load_address>
         <run_address>0x1333</run_address>
         <size>0x24</size>
         <input_file_ref idref="fl-d3"/>
      </object_component>
      <object_component id="oc-1fd">
         <name>.debug_abbrev</name>
         <load_address>0x1357</load_address>
         <run_address>0x1357</run_address>
         <size>0x24</size>
         <input_file_ref idref="fl-d3"/>
      </object_component>
      <object_component id="oc-202">
         <name>.debug_abbrev</name>
         <load_address>0x137b</load_address>
         <run_address>0x137b</run_address>
         <size>0x4b</size>
         <input_file_ref idref="fl-d3"/>
      </object_component>
      <object_component id="oc-c2">
         <name>.debug_abbrev</name>
         <load_address>0x13c6</load_address>
         <run_address>0x13c6</run_address>
         <size>0x55</size>
         <input_file_ref idref="fl-d4"/>
      </object_component>
      <object_component id="oc-19b">
         <name>.debug_abbrev</name>
         <load_address>0x141b</load_address>
         <run_address>0x141b</run_address>
         <size>0x45</size>
         <input_file_ref idref="fl-d6"/>
      </object_component>
      <object_component id="oc-253">
         <name>.debug_abbrev</name>
         <load_address>0x1460</load_address>
         <run_address>0x1460</run_address>
         <size>0xf</size>
      </object_component>
      <object_component id="oc-74">
         <name>.debug_str</name>
         <load_address>0x0</load_address>
         <run_address>0x0</run_address>
         <size>0x2b5</size>
         <input_file_ref idref="fl-2"/>
      </object_component>
      <object_component id="oc-3a">
         <name>.debug_str</name>
         <load_address>0x2b5</load_address>
         <run_address>0x2b5</run_address>
         <size>0xfd</size>
         <input_file_ref idref="fl-2"/>
      </object_component>
      <object_component id="oc-b1">
         <name>.debug_str</name>
         <load_address>0x3b2</load_address>
         <run_address>0x3b2</run_address>
         <size>0x34b</size>
         <input_file_ref idref="fl-2"/>
      </object_component>
      <object_component id="oc-79">
         <name>.debug_str</name>
         <load_address>0x6fd</load_address>
         <run_address>0x6fd</run_address>
         <size>0x14d</size>
         <input_file_ref idref="fl-2"/>
      </object_component>
      <object_component id="oc-14b">
         <name>.debug_str</name>
         <load_address>0x84a</load_address>
         <run_address>0x84a</run_address>
         <size>0xf9</size>
         <input_file_ref idref="fl-2"/>
      </object_component>
      <object_component id="oc-197">
         <name>.debug_str</name>
         <load_address>0x943</load_address>
         <run_address>0x943</run_address>
         <size>0xf5</size>
         <input_file_ref idref="fl-9"/>
      </object_component>
      <object_component id="oc-151">
         <name>.debug_str</name>
         <load_address>0xa38</load_address>
         <run_address>0xa38</run_address>
         <size>0x241</size>
         <input_file_ref idref="fl-9"/>
      </object_component>
      <object_component id="oc-1e4">
         <name>.debug_str</name>
         <load_address>0xc79</load_address>
         <run_address>0xc79</run_address>
         <size>0x141</size>
         <input_file_ref idref="fl-b"/>
      </object_component>
      <object_component id="oc-1db">
         <name>.debug_str</name>
         <load_address>0xdba</load_address>
         <run_address>0xdba</run_address>
         <size>0x161</size>
         <input_file_ref idref="fl-c2"/>
      </object_component>
      <object_component id="oc-182">
         <name>.debug_str</name>
         <load_address>0xf1b</load_address>
         <run_address>0xf1b</run_address>
         <size>0x14f</size>
         <input_file_ref idref="fl-c2"/>
      </object_component>
      <object_component id="oc-214">
         <name>.debug_str</name>
         <load_address>0x106a</load_address>
         <run_address>0x106a</run_address>
         <size>0x156</size>
         <input_file_ref idref="fl-c4"/>
      </object_component>
      <object_component id="oc-1d6">
         <name>.debug_str</name>
         <load_address>0x11c0</load_address>
         <run_address>0x11c0</run_address>
         <size>0x146</size>
         <input_file_ref idref="fl-c4"/>
      </object_component>
      <object_component id="oc-45">
         <name>.debug_str</name>
         <load_address>0x1306</load_address>
         <run_address>0x1306</run_address>
         <size>0x10b</size>
         <input_file_ref idref="fl-cc"/>
      </object_component>
      <object_component id="oc-85">
         <name>.debug_str</name>
         <load_address>0x1411</load_address>
         <run_address>0x1411</run_address>
         <size>0x140</size>
         <input_file_ref idref="fl-cc"/>
      </object_component>
      <object_component id="oc-35">
         <name>.debug_str</name>
         <load_address>0x1551</load_address>
         <run_address>0x1551</run_address>
         <size>0x118</size>
         <input_file_ref idref="fl-cd"/>
      </object_component>
      <object_component id="oc-b7">
         <name>.debug_str</name>
         <load_address>0x1669</load_address>
         <run_address>0x1669</run_address>
         <size>0x16b</size>
         <input_file_ref idref="fl-cd"/>
      </object_component>
      <object_component id="oc-7e">
         <name>.debug_str</name>
         <load_address>0x17d4</load_address>
         <run_address>0x17d4</run_address>
         <size>0x158</size>
         <input_file_ref idref="fl-cd"/>
      </object_component>
      <object_component id="oc-1fa">
         <name>.debug_str</name>
         <load_address>0x192c</load_address>
         <run_address>0x192c</run_address>
         <size>0xed</size>
         <input_file_ref idref="fl-d3"/>
      </object_component>
      <object_component id="oc-21c">
         <name>.debug_str</name>
[...]
            <object_component_ref idref="oc-1cc"/>
            <object_component_ref idref="oc-3c"/>
            <object_component_ref idref="oc-116"/>
            <object_component_ref idref="oc-97"/>
            <object_component_ref idref="oc-108"/>
         </contents>
      </logical_group>
      <logical_group id="lg-241" display="never" color="cyan">
         <name>.debug_pubnames</name>
         <load_address>0x0</load_address>
         <run_address>0x0</run_address>
         <size>0x5c4</size>
         <contents>
            <object_component_ref idref="oc-105"/>
            <object_component_ref idref="oc-9e"/>
            <object_component_ref idref="oc-14"/>
            <object_component_ref idref="oc-2a"/>
            <object_component_ref idref="oc-fe"/>
            <object_component_ref idref="oc-18c"/>
            <object_component_ref idref="oc-f9"/>
            <object_component_ref idref="oc-ec"/>
            <object_component_ref idref="oc-f2"/>
            <object_component_ref idref="oc-c5"/>
            <object_component_ref idref="oc-e8"/>
            <object_component_ref idref="oc-e2"/>
            <object_component_ref idref="oc-16c"/>
            <object_component_ref idref="oc-d1"/>
            <object_component_ref idref="oc-162"/>
            <object_component_ref idref="oc-17b"/>
            <object_component_ref idref="oc-157"/>
            <object_component_ref idref="oc-170"/>
            <object_component_ref idref="oc-175"/>
            <object_component_ref idref="oc-15c"/>
            <object_component_ref idref="oc-dc"/>
            <object_component_ref idref="oc-d6"/>
            <object_component_ref idref="oc-cd"/>
            <object_component_ref idref="oc-1d"/>
            <object_component_ref idref="oc-19"/>
            <object_component_ref idref="oc-26"/>
            <object_component_ref idref="oc-5c"/>
            <object_component_ref idref="oc-1c3"/>
            <object_component_ref idref="oc-166"/>
            <object_component_ref idref="oc-1cd"/>
            <object_component_ref idref="oc-3e"/>
            <object_component_ref idref="oc-115"/>
            <object_component_ref idref="oc-98"/>
            <object_component_ref idref="oc-10b"/>
         </contents>
      </logical_group>
      <logical_group id="lg-243" display="never" color="cyan">
         <name>.debug_pubtypes</name>
         <load_address>0x0</load_address>
         <run_address>0x0</run_address>
         <size>0xd21</size>
         <contents>
            <object_component_ref idref="oc-71"/>
            <object_component_ref idref="oc-37"/>
            <object_component_ref idref="oc-ae"/>
            <object_component_ref idref="oc-76"/>
            <object_component_ref idref="oc-148"/>
            <object_component_ref idref="oc-194"/>
            <object_component_ref idref="oc-14e"/>
            <object_component_ref idref="oc-1e1"/>
            <object_component_ref idref="oc-184"/>
            <object_component_ref idref="oc-1d8"/>
            <object_component_ref idref="oc-17f"/>
            <object_component_ref idref="oc-211"/>
            <object_component_ref idref="oc-1d3"/>
            <object_component_ref idref="oc-42"/>
            <object_component_ref idref="oc-82"/>
            <object_component_ref idref="oc-32"/>
            <object_component_ref idref="oc-b4"/>
            <object_component_ref idref="oc-7b"/>
            <object_component_ref idref="oc-1f7"/>
            <object_component_ref idref="oc-219"/>
            <object_component_ref idref="oc-1fc"/>
            <object_component_ref idref="oc-201"/>
         </contents>
      </logical_group>
      <logical_group id="lg-250" display="no" color="cyan">
         <name>Veneer$$CMSE</name>
         <run_address>0x0</run_address>
         <size>0x0</size>
         <contents>
         </contents>
      </logical_group>
      <load_segment id="lg-257" display="no" color="cyan">
         <name>SEGMENT_0</name>
         <load_address>0x0</load_address>
         <run_address>0x0</run_address>
         <size>0x1ad4</size>
         <flags>0x5</flags>
         <contents>
            <logical_group_ref idref="lg-3"/>
            <logical_group_ref idref="lg-4"/>
            <logical_group_ref idref="lg-5"/>
            <logical_group_ref idref="lg-6"/>
         </contents>
      </load_segment>
      <load_segment id="lg-258" display="no" color="cyan">
         <name>SEGMENT_1</name>
         <run_address>0x20000000</run_address>
         <size>0x230</size>
         <flags>0x6</flags>
         <contents>
            <logical_group_ref idref="lg-d"/>
            <logical_group_ref idref="lg-a"/>
         </contents>
      </load_segment>
   </logical_group_list>
   <placement_map>
      <memory_area display="yes" color="green">
         <name>FLASH</name>
         <page_id>0x0</page_id>
         <origin>0x0</origin>
         <length>0x40000</length>
         <used_space>0x1ad2</used_space>
         <unused_space>0x3e52e</unused_space>
         <attributes>RX</attributes>
         <usage_details>
            <allocated_space>
               <start_address>0x0</start_address>
               <size>0x26c</size>
               <logical_group_ref idref="lg-3"/>
            </allocated_space>
            <allocated_space>
               <start_address>0x26c</start_address>
               <size>0x180a</size>
               <logical_group_ref idref="lg-4"/>
            </allocated_space>
            <available_space>
               <start_address>0x1a76</start_address>
               <size>0x2</size>
            </available_space>
            <allocated_space>
               <start_address>0x1a78</start_address>
               <size>0x30</size>
               <logical_group_ref idref="lg-5"/>
            </allocated_space>
            <allocated_space>
               <start_address>0x1aa8</start_address>
               <size>0x2c</size>
               <logical_group_ref idref="lg-6"/>
            </allocated_space>
            <available_space>
               <start_address>0x1ad4</start_address>
               <size>0x3e52c</size>
            </available_space>
         </usage_details>
      </memory_area>
      <memory_area display="yes" color="green">
         <name>SRAM</name>
         <page_id>0x0</page_id>
         <origin>0x20000000</origin>
         <length>0x8000</length>
         <used_space>0x230</used_space>
         <unused_space>0x7dd0</unused_space>
         <attributes>RWX</attributes>
         <usage_details>
            <allocated_space>
               <start_address>0x20000000</start_address>
               <size>0x0</size>
               <logical_group_ref idref="lg-226"/>
            </allocated_space>
            <allocated_space>
               <start_address>0x20000000</start_address>
               <size>0x200</size>
               <logical_group_ref idref="lg-d"/>
            </allocated_space>
            <allocated_space>
               <start_address>0x20000200</start_address>
               <size>0x30</size>
               <logical_group_ref idref="lg-a"/>
            </allocated_space>
            <available_space>
               <start_address>0x20000230</start_address>
               <size>0x7dd0</size>
            </available_space>
         </usage_details>
      </memory_area>
   </placement_map>
   <cptbl_list>
      <cptbl>
         <name>__TI_cinit_table</name>
         <cprec>
            <name>.data</name>
            <load_address>0x1aa8</load_address>
            <load_size>0x19</load_size>
            <run_address>0x20000200</run_address>
            <run_size>0x30</run_size>
            <compression>lzss</compression>
         </cprec>
      </cptbl>
   </cptbl_list>
   <handler_table>
      <handler_table_name>__TI_handler_table</handler_table_name>
      <handler>
         <index>0x0</index>
         <name>__TI_decompress_lzss</name>
      </handler>
      <handler>
         <index>0x1</index>
         <name>__TI_decompress_none</name>
      </handler>
   </handler_table>
   <symbol_table>
      <symbol id="sm-1">
         <name>__STACK_TOP</name>
         <value>0x20000200</value>
      </symbol>
      <symbol id="sm-2">
         <name>__start___llvm_prf_cnts</name>
         <value>0x20000000</value>
      </symbol>
      <symbol id="sm-3">
         <name>__stop___llvm_prf_cnts</name>
         <value>0x20000000</value>
      </symbol>
      <symbol id="sm-4">
         <name>__TI_CINIT_Base</name>
         <value>0x1acc</value>
      </symbol>
      <symbol id="sm-5">
         <name>__TI_CINIT_Limit</name>
         <value>0x1ad4</value>
      </symbol>
      <symbol id="sm-6">
         <name>__TI_Handler_Table_Base</name>
         <value>0x1ac4</value>
      </symbol>
      <symbol id="sm-7">
         <name>__TI_Handler_Table_Limit</name>
         <value>0x1acc</value>
      </symbol>
      <symbol id="sm-8">
         <name>binit</name>
         <value>0xffffffff</value>
      </symbol>
      <symbol id="sm-9">
         <name>__binit__</name>
         <value>0xffffffff</value>
      </symbol>
      <symbol id="sm-a">
         <name>__STACK_SIZE</name>
         <value>0x200</value>
      </symbol>
      <symbol id="sm-b">
         <name>__STACK_END</name>
         <value>0x20000200</value>
      </symbol>
      <symbol id="sm-c">
         <name>__c_args__</name>
         <value>0xffffffff</value>
      </symbol>
      <symbol id="sm-d">
         <name>__TI_pprof_out_hndl</name>
         <value>0xffffffff</value>
      </symbol>
      <symbol id="sm-e">
         <name>__TI_prof_data_start</name>
         <value>0xffffffff</value>
      </symbol>
      <symbol id="sm-f">
         <name>__TI_prof_data_size</name>
         <value>0xffffffff</value>
      </symbol>
      <symbol id="sm-78">
         <name>hardware_init</name>
         <value>0xd59</value>
         <object_component_ref idref="oc-9b"/>
      </symbol>
      <symbol id="sm-79">
         <name>SW2_state_num</name>
         <value>0x2000020c</value>
         <object_component_ref idref="oc-103"/>
      </symbol>
      <symbol id="sm-7a">
         <name>SW1_state_prev</name>
         <value>0x20000220</value>
         <object_component_ref idref="oc-103"/>
      </symbol>
      <symbol id="sm-7b">
         <name>SW1_state_num</name>
         <value>0x20000218</value>
         <object_component_ref idref="oc-103"/>
      </symbol>
      <symbol id="sm-7c">
         <name>opPinSel</name>
         <value>0x20000204</value>
         <object_component_ref idref="oc-103"/>
      </symbol>
      <symbol id="sm-7d">
         <name>ledToggle</name>
         <value>0xd9b</value>
         <object_component_ref idref="oc-9b"/>
      </symbol>
      <symbol id="sm-7e">
         <name>SW1_state</name>
         <value>0x2000021c</value>
         <object_component_ref idref="oc-103"/>
      </symbol>
      <symbol id="sm-7f">
         <name>i16ToggleCount</name>
         <value>0x20000200</value>
         <object_component_ref idref="oc-103"/>
      </symbol>
      <symbol id="sm-80">
         <name>main</name>
         <value>0xc3d</value>
         <object_component_ref idref="oc-9b"/>
      </symbol>
      <symbol id="sm-81">
         <name>delay</name>
         <value>0xdc7</value>
         <object_component_ref idref="oc-9b"/>
      </symbol>
      <symbol id="sm-82">
         <name>baseDelayVal</name>
         <value>0x20000224</value>
         <object_component_ref idref="oc-103"/>
      </symbol>
      <symbol id="sm-83">
         <name>SW2_state_prev</name>
         <value>0x20000214</value>
         <object_component_ref idref="oc-103"/>
      </symbol>
      <symbol id="sm-84">
         <name>opPinVal</name>
         <value>0x20000208</value>
         <object_component_ref idref="oc-103"/>
      </symbol>
      <symbol id="sm-85">
         <name>delayVal</name>
         <value>0x20000228</value>
         <object_component_ref idref="oc-103"/>
      </symbol>
      <symbol id="sm-86">
         <name>SW2_state</name>
         <value>0x20000210</value>
         <object_component_ref idref="oc-103"/>
      </symbol>
      <symbol id="sm-a2">
         <name>ResetISR</name>
         <value>0x1a47</value>
         <object_component_ref idref="oc-27"/>
      </symbol>
      <symbol id="sm-a3">
         <name>g_pfnVectors</name>
         <value>0x0</value>
         <object_component_ref idref="oc-12"/>
      </symbol>
      <symbol id="sm-e4">
         <name>GPIOPinTypeGPIOInput</name>
         <value>0x1a27</value>
         <object_component_ref idref="oc-f0"/>
      </symbol>
      <symbol id="sm-e5">
         <name>GPIOPinTypeGPIOOutput</name>
         <value>0x1a0f</value>
         <object_component_ref idref="oc-ea"/>
      </symbol>
      <symbol id="sm-e6">
         <name>GPIOPinRead</name>
         <value>0x1a5d</value>
         <object_component_ref idref="oc-c3"/>
      </symbol>
      <symbol id="sm-e7">
         <name>GPIODirModeSet</name>
         <value>0x19cb</value>
         <object_component_ref idref="oc-18a"/>
      </symbol>
      <symbol id="sm-e8">
         <name>GPIOPinWrite</name>
         <value>0x1a63</value>
         <object_component_ref idref="oc-fc"/>
      </symbol>
      <symbol id="sm-e9">
         <name>GPIOPadConfigSet</name>
         <value>0x1267</value>
         <object_component_ref idref="oc-f6"/>
      </symbol>
      <symbol id="sm-116">
         <name>SysCtlClockSet</name>
         <value>0x15a5</value>
         <object_component_ref idref="oc-de"/>
      </symbol>
      <symbol id="sm-117">
         <name>SysCtlDelay</name>
         <value>0x1a69</value>
         <object_component_ref idref="oc-102"/>
      </symbol>
      <symbol id="sm-118">
         <name>SysCtlPeripheralEnable</name>
         <value>0x1935</value>
         <object_component_ref idref="oc-e4"/>
      </symbol>
      <symbol id="sm-1af">
         <name>pow</name>
         <value>0x26d</value>
         <object_component_ref idref="oc-ce"/>
      </symbol>
      <symbol id="sm-1b0">
         <name>powl</name>
         <value>0x26d</value>
         <object_component_ref idref="oc-ce"/>
      </symbol>
      <symbol id="sm-1d2">
         <name>sqrtl</name>
         <value>0xfd9</value>
         <object_component_ref idref="oc-15e"/>
      </symbol>
      <symbol id="sm-1d3">
         <name>sqrt</name>
         <value>0xfd9</value>
         <object_component_ref idref="oc-15e"/>
      </symbol>
      <symbol id="sm-1fa">
         <name>scalbn</name>
         <value>0x1399</value>
         <object_component_ref idref="oc-177"/>
      </symbol>
      <symbol id="sm-1fb">
         <name>scalbnl</name>
         <value>0x1399</value>
         <object_component_ref idref="oc-177"/>
      </symbol>
      <symbol id="sm-1fc">
         <name>ldexpl</name>
         <value>0x1399</value>
         <object_component_ref idref="oc-177"/>
      </symbol>
      <symbol id="sm-1fd">
         <name>ldexp</name>
         <value>0x1399</value>
         <object_component_ref idref="oc-177"/>
      </symbol>
      <symbol id="sm-214">
         <name>__aeabi_dsub</name>
         <value>0xe21</value>
         <object_component_ref idref="oc-154"/>
      </symbol>
      <symbol id="sm-215">
         <name>__aeabi_dadd</name>
         <value>0xe2b</value>
         <object_component_ref idref="oc-154"/>
      </symbol>
      <symbol id="sm-237">
         <name>__aeabi_cdcmpeq</name>
         <value>0x1735</value>
         <object_component_ref idref="oc-16d"/>
      </symbol>
      <symbol id="sm-238">
         <name>__aeabi_cdcmple</name>
         <value>0x1735</value>
         <object_component_ref idref="oc-16d"/>
      </symbol>
      <symbol id="sm-239">
         <name>__aeabi_cdrcmple</name>
         <value>0x17bb</value>
         <object_component_ref idref="oc-172"/>
      </symbol>
      <symbol id="sm-24d">
         <name>__aeabi_ddiv</name>
         <value>0x1131</value>
         <object_component_ref idref="oc-159"/>
      </symbol>
      <symbol id="sm-258">
         <name>__aeabi_dmul</name>
         <value>0x14a9</value>
         <object_component_ref idref="oc-d9"/>
      </symbol>
      <symbol id="sm-262">
         <name>__aeabi_d2iz</name>
         <value>0x18a9</value>
         <object_component_ref idref="oc-d4"/>
      </symbol>
      <symbol id="sm-26c">
         <name>__aeabi_i2d</name>
         <value>0x199d</value>
         <object_component_ref idref="oc-c9"/>
      </symbol>
      <symbol id="sm-284">
         <name>__TI_decompress_none</name>
         <value>0x1a39</value>
         <object_component_ref idref="oc-1b"/>
      </symbol>
      <symbol id="sm-2a7">
         <name>__TI_decompress_lzss</name>
         <value>0x1841</value>
         <object_component_ref idref="oc-15"/>
      </symbol>
      <symbol id="sm-2ba">
         <name>__stack</name>
         <value>0x20000000</value>
         <object_component_ref idref="oc-24"/>
      </symbol>
      <symbol id="sm-2bb">
         <name>_c_int00_noargs</name>
         <value>0x1969</value>
         <object_component_ref idref="oc-59"/>
      </symbol>
      <symbol id="sm-2d1">
         <name>__aeabi_errno_addr</name>
         <value>0x1a55</value>
         <object_component_ref idref="oc-164"/>
      </symbol>
      <symbol id="sm-2d2">
         <name>errno</name>
         <value>0x2000022c</value>
         <object_component_ref idref="oc-1c1"/>
      </symbol>
      <symbol id="sm-2dc">
         <name>copysign</name>
         <value>0x19f5</value>
         <object_component_ref idref="oc-1ca"/>
      </symbol>
      <symbol id="sm-2dd">
         <name>copysignl</name>
         <value>0x19f5</value>
         <object_component_ref idref="oc-1ca"/>
      </symbol>
      <symbol id="sm-2f8">
         <name>memcpy</name>
         <value>0x1699</value>
         <object_component_ref idref="oc-3b"/>
      </symbol>
      <symbol id="sm-2f9">
         <name>__aeabi_memcpy</name>
         <value>0x1699</value>
         <object_component_ref idref="oc-3b"/>
      </symbol>
      <symbol id="sm-2fa">
         <name>__aeabi_memcpy8</name>
         <value>0x1699</value>
         <object_component_ref idref="oc-3b"/>
      </symbol>
      <symbol id="sm-2fb">
         <name>__aeabi_memcpy4</name>
         <value>0x1699</value>
         <object_component_ref idref="oc-3b"/>
      </symbol>
      <symbol id="sm-324">
         <name>__TI_auto_init_nobinit_nopinit</name>
         <value>0x18f1</value>
         <object_component_ref idref="oc-113"/>
      </symbol>
      <symbol id="sm-32e">
         <name>_system_pre_init</name>
         <value>0x1a6f</value>
         <object_component_ref idref="oc-95"/>
      </symbol>
      <symbol id="sm-33a">
         <name>C$$EXIT</name>
         <value>0x1a73</value>
         <object_component_ref idref="oc-107"/>
      </symbol>
      <symbol id="sm-33b">
         <name>abort</name>
         <value>0x1a73</value>
         <object_component_ref idref="oc-107"/>
      </symbol>
      <symbol id="sm-33e">
         <name>__TI_static_base__</name>
         <value>0x0</value>
      </symbol>
      <symbol id="sm-341">
         <name>__mpu_init</name>
         <value>0x0</value>
      </symbol>
      <symbol id="sm-342">
         <name>_system_post_cinit</name>
         <value>0x0</value>
      </symbol>
   </symbol_table>
   <title>Link successful</title>
</link_info>
