******************************************************************************
                  TI ARM Linker PC v20.2.7                     
******************************************************************************
>> Linked Thu Jan 29 14:26:43 2026

OUTPUT FILE NAME:   <Lab3.1.out>
ENTRY POINT SYMBOL: "_c_int00_noargs"  address: 00001c9d


MEMORY CONFIGURATION

         name            origin    length      used     unused   attr    fill
----------------------  --------  ---------  --------  --------  ----  --------
  FLASH                 00000000   00040000  00001e8e  0003e172  R  X
  SRAM                  20000000   00008000  00000205  00007dfb  RW X


SEGMENT ALLOCATION MAP

run origin  load origin   length   init length attrs members
----------  ----------- ---------- ----------- ----- -------
00000000    00000000    00001e90   00001e90    r-x
  00000000    00000000    0000026c   0000026c    r-- .intvecs
  0000026c    0000026c    00001baa   00001baa    r-x .text
  00001e18    00001e18    00000060   00000060    r-- .const
  00001e78    00001e78    00000018   00000018    r-- .cinit
20000000    20000000    00000205   00000000    rw-
  20000000    20000000    00000200   00000000    rw- .stack
  20000200    20000200    00000005   00000000    rw- .data


SECTION ALLOCATION MAP

 output                                  attributes/
section   page    origin      length       input sections
--------  ----  ----------  ----------   ----------------
.intvecs   0    00000000    0000026c     
                  00000000    0000026c     tm4c123gh6pm_startup_ccs.obj (.intvecs)

.text      0    0000026c    00001baa     
                  0000026c    000009d0     rtsv7M4_T_le_v4SPD16_eabi.lib : e_pow.c.obj (.text:pow)
                  00000c3c    00000280     lcd.obj (.text)
                  00000ebc    000001b6     rtsv7M4_T_le_v4SPD16_eabi.lib : fd_add_t2.asm.obj (.text)
                  00001072    00000002                                   : div0.asm.obj (.text)
                  00001074    0000016c     driverlib.lib : gpio.obj (.text:GPIOPadConfigSet)
                  000011e0    00000158     rtsv7M4_T_le_v4SPD16_eabi.lib : e_sqrt.c.obj (.text:sqrt)
                  00001338    00000154     main.obj (.text)
                  0000148c    00000136     rtsv7M4_T_le_v4SPD16_eabi.lib : fd_div_t2.asm.obj (.text)
                  000015c2    00000002     --HOLE-- [fill = 0]
                  000015c4    00000110                                   : s_scalbn.c.obj (.text:scalbn)
                  000016d4    000000fc                                   : fd_mul_t2.asm.obj (.text)
                  000017d0    000000f4     driverlib.lib : sysctl.obj (.text:SysCtlClockSet)
                  000018c4    0000009c     rtsv7M4_T_le_v4SPD16_eabi.lib : memcpy_t2.asm.obj (.text)
                  00001960    00000086                                   : fd_cmp_t2.asm.obj (.text:__aeabi_cdcmple)
                  000019e6    00000086                                   : fd_cmp_t2.asm.obj (.text:__aeabi_cdrcmple)
                  00001a6c    0000007a     driverlib.lib : adc.obj (.text:ADCSequenceStepConfigure)
                  00001ae6    00000068     rtsv7M4_T_le_v4SPD16_eabi.lib : copy_decompress_lzss.c.obj (.text:decompress:lzss:__TI_decompress_lzss)
                  00001b4e    0000004e     driverlib.lib : adc.obj (.text:ADCSequenceConfigure)
                  00001b9c    00000048     rtsv7M4_T_le_v4SPD16_eabi.lib : fd_toi_t2.asm.obj (.text)
                  00001be4    00000044                                   : autoinit.c.obj (.text:__TI_auto_init_nobinit_nopinit:__TI_auto_init_nobinit_nopinit)
                  00001c28    00000040                                   : u_divt2.asm.obj (.text)
                  00001c68    00000034     driverlib.lib : sysctl.obj (.text:SysCtlPeripheralEnable)
                  00001c9c    00000034     rtsv7M4_T_le_v4SPD16_eabi.lib : boot_cortex_m.c.obj (.text:_c_int00_noargs:_c_int00_noargs)
                  00001cd0    0000002e     driverlib.lib : adc.obj (.text:ADCIntStatus)
                  00001cfe    0000002e     rtsv7M4_T_le_v4SPD16_eabi.lib : i_tofd_t2.asm.obj (.text)
                  00001d2c    0000002c     driverlib.lib : gpio.obj (.text:GPIODirModeSet)
                  00001d58    0000001e                   : adc.obj (.text:ADCSequenceDataGet)
                  00001d76    0000001a                   : gpio.obj (.text:GPIOPinTypeGPIOOutput)
                  00001d90    0000001a     rtsv7M4_T_le_v4SPD16_eabi.lib : s_copysign.c.obj (.text:copysign)
                  00001daa    00000018     driverlib.lib : adc.obj (.text:ADCProcessorTrigger)
                  00001dc2    0000000e                   : adc.obj (.text:ADCSequenceEnable)
                  00001dd0    0000000e     rtsv7M4_T_le_v4SPD16_eabi.lib : copy_decompress_none.c.obj (.text:decompress:none:__TI_decompress_none)
                  00001dde    0000000c     tm4c123gh6pm_startup_ccs.obj (.text)
                  00001dea    0000000a     driverlib.lib : adc.obj (.text:ADCIntClear)
                  00001df4    00000008     rtsv7M4_T_le_v4SPD16_eabi.lib : errno.c.obj (.text:__aeabi_errno_addr)
                  00001dfc    00000006     driverlib.lib : gpio.obj (.text:GPIOPinRead)
                  00001e02    00000006                   : gpio.obj (.text:GPIOPinWrite)
                  00001e08    00000006                   : sysctl.obj (.text:SysCtlDelay)
                  00001e0e    00000004     rtsv7M4_T_le_v4SPD16_eabi.lib : pre_init.c.obj (.text:_system_pre_init)
                  00001e12    00000004                                   : exit.c.obj (.text:abort:abort)

.const     0    00001e18    00000060     
                  00001e18    00000030     rtsv7M4_T_le_v4SPD16_eabi.lib : e_pow.c.obj (.const:$O1$$)
                  00001e48    00000011     main.obj (.const:.string:$P$T2$3)
                  00001e59    00000010     main.obj (.const:.string:$P$T0$1)
                  00001e69    0000000f     main.obj (.const:.string:$P$T1$2)

.cinit     0    00001e78    00000018     
                  00001e78    00000008     (.cinit..data.load) [load image, compression = lzss]
                  00001e80    00000008     (__TI_handler_table)
                  00001e88    00000008     (__TI_cinit_table)

.init_array 
*          0    00000000    00000000     UNINITIALIZED

.data      0    20000200    00000005     UNINITIALIZED
                  20000200    00000004     rtsv7M4_T_le_v4SPD16_eabi.lib : errno.c.obj (.data)
                  20000204    00000001     lcd.obj (.data)

.stack     0    20000000    00000200     UNINITIALIZED
                  20000000    00000004     rtsv7M4_T_le_v4SPD16_eabi.lib : boot_cortex_m.c.obj (.stack)
                  20000004    000001fc     --HOLE--

__llvm_prf_cnts 
*          0    20000000    00000000     UNINITIALIZED

MODULE SUMMARY

       Module                         code   ro data   rw data
       ------                         ----   -------   -------
    .\
       lcd.obj                        640    0         1      
       tm4c123gh6pm_startup_ccs.obj   12     620       0      
       main.obj                       340    48        0      
    +--+------------------------------+------+---------+---------+
       Total:                         992    668       1      
                                                              
    C:/ti/TivaWare_C_Series-2.2.0.295/driverlib/ccs/Debug/driverlib.lib
       gpio.obj                       446    0         0      
       adc.obj                        324    0         0      
       sysctl.obj                     302    0         0      
    +--+------------------------------+------+---------+---------+
       Total:                         1072   0         0      
                                                              
    C:\ti\ccs1250\ccs\tools\compiler\ti-cgt-arm_20.2.7.LTS\lib\rtsv7M4_T_le_v4SPD16_eabi.lib
       e_pow.c.obj                    2512   48        0      
       fd_add_t2.asm.obj              438    0         0      
       e_sqrt.c.obj                   344    0         0      
       fd_div_t2.asm.obj              310    0         0      
       s_scalbn.c.obj                 272    0         0      
       fd_cmp_t2.asm.obj              268    0         0      
       fd_mul_t2.asm.obj              252    0         0      
       memcpy_t2.asm.obj              156    0         0      
       copy_decompress_lzss.c.obj     104    0         0      
       fd_toi_t2.asm.obj              72     0         0      
       autoinit.c.obj                 68     0         0      
       u_divt2.asm.obj                64     0         0      
       boot_cortex_m.c.obj            52     0         0      
       i_tofd_t2.asm.obj              46     0         0      
       s_copysign.c.obj               26     0         0      
       copy_decompress_none.c.obj     14     0         0      
       errno.c.obj                    8      0         4      
       exit.c.obj                     4      0         0      
       pre_init.c.obj                 4      0         0      
       div0.asm.obj                   2      0         0      
    +--+------------------------------+------+---------+---------+
       Total:                         5016   48        4      
                                                              
       Stack:                         0      0         512    
       Linker Generated:              0      24        0      
    +--+------------------------------+------+---------+---------+
       Grand Total:                   7080   740       517    


LINKER GENERATED COPY TABLES

__TI_cinit_table @ 00001e88 records: 1, size/record: 8, table size: 8
	.data: load addr=00001e78, load size=00000008 bytes, run addr=20000200, run size=00000005 bytes, compression=lzss


LINKER GENERATED HANDLER TABLE

__TI_handler_table @ 00001e80 records: 2, size/record: 4, table size: 8
	index: 0, handler: __TI_decompress_lzss
	index: 1, handler: __TI_decompress_none


GLOBAL SYMBOLS: SORTED ALPHABETICALLY BY Name 

address   name                          
-------   ----                          
00001deb  ADCIntClear                   
00001cd1  ADCIntStatus                  
00001dab  ADCProcessorTrigger           
00001b4f  ADCSequenceConfigure          
00001d59  ADCSequenceDataGet            
00001dc3  ADCSequenceEnable             
00001a6d  ADCSequenceStepConfigure      
00001e13  C$$EXIT                       
00001d2d  GPIODirModeSet                
00001075  GPIOPadConfigSet              
00001dfd  GPIOPinRead                   
00001d77  GPIOPinTypeGPIOOutput         
00001e03  GPIOPinWrite                  
00001ddf  ResetISR                      
000017d1  SysCtlClockSet                
00001e09  SysCtlDelay                   
00001c69  SysCtlPeripheralEnable        
20000200  __STACK_END                   
00000200  __STACK_SIZE                  
20000200  __STACK_TOP                   
00001e88  __TI_CINIT_Base               
00001e90  __TI_CINIT_Limit              
00001e80  __TI_Handler_Table_Base       
00001e88  __TI_Handler_Table_Limit      
00001be5  __TI_auto_init_nobinit_nopinit
00001ae7  __TI_decompress_lzss          
00001dd1  __TI_decompress_none          
ffffffff  __TI_pprof_out_hndl           
ffffffff  __TI_prof_data_size           
ffffffff  __TI_prof_data_start          
00000000  __TI_static_base__            
00001961  __aeabi_cdcmpeq               
00001961  __aeabi_cdcmple               
000019e7  __aeabi_cdrcmple              
00001b9d  __aeabi_d2iz                  
00000ec7  __aeabi_dadd                  
0000148d  __aeabi_ddiv                  
000016d5  __aeabi_dmul                  
00000ebd  __aeabi_dsub                  
00001df5  __aeabi_errno_addr            
00001cff  __aeabi_i2d                   
00001073  __aeabi_idiv0                 
00001073  __aeabi_ldiv0                 
000018c5  __aeabi_memcpy                
000018c5  __aeabi_memcpy4               
000018c5  __aeabi_memcpy8               
00001c29  __aeabi_uidiv                 
00001c29  __aeabi_uidivmod              
ffffffff  __binit__                     
ffffffff  __c_args__                    
UNDEFED   __mpu_init                    
20000000  __stack                       
20000000  __start___llvm_prf_cnts       
20000000  __stop___llvm_prf_cnts        
00001c9d  _c_int00_noargs               
UNDEFED   _system_post_cinit            
00001e0f  _system_pre_init              
00001e13  abort                         
ffffffff  binit                         
00001d91  copysign                      
00001d91  copysignl                     
20000200  errno                         
00000000  g_pfnVectors                  
00000d11  lcd_busy                      
00000d87  lcd_char                      
00000cbf  lcd_command                   
00000e03  lcd_cursor                    
00000c6f  lcd_init                      
00000c3d  lcd_portconfig                
00000e29  lcd_print                     
00000de7  lcd_string                    
00000d55  lcd_wrap_around               
000015c5  ldexp                         
000015c5  ldexpl                        
00001339  main                          
000018c5  memcpy                        
20000204  position                      
0000026d  pow                           
0000026d  powl                          
000015c5  scalbn                        
000015c5  scalbnl                       
000011e1  sqrt                          
000011e1  sqrtl                         


GLOBAL SYMBOLS: SORTED BY Symbol Address 

address   name                          
-------   ----                          
00000000  __TI_static_base__            
00000000  g_pfnVectors                  
00000200  __STACK_SIZE                  
0000026d  pow                           
0000026d  powl                          
00000c3d  lcd_portconfig                
00000c6f  lcd_init                      
00000cbf  lcd_command                   
00000d11  lcd_busy                      
00000d55  lcd_wrap_around               
00000d87  lcd_char                      
00000de7  lcd_string                    
00000e03  lcd_cursor                    
00000e29  lcd_print                     
00000ebd  __aeabi_dsub                  
00000ec7  __aeabi_dadd                  
00001073  __aeabi_idiv0                 
00001073  __aeabi_ldiv0                 
00001075  GPIOPadConfigSet              
000011e1  sqrt                          
000011e1  sqrtl                         
00001339  main                          
0000148d  __aeabi_ddiv                  
000015c5  ldexp                         
000015c5  ldexpl                        
000015c5  scalbn                        
000015c5  scalbnl                       
000016d5  __aeabi_dmul                  
000017d1  SysCtlClockSet                
000018c5  __aeabi_memcpy                
000018c5  __aeabi_memcpy4               
000018c5  __aeabi_memcpy8               
000018c5  memcpy                        
00001961  __aeabi_cdcmpeq               
00001961  __aeabi_cdcmple               
000019e7  __aeabi_cdrcmple              
00001a6d  ADCSequenceStepConfigure      
00001ae7  __TI_decompress_lzss          
00001b4f  ADCSequenceConfigure          
00001b9d  __aeabi_d2iz                  
00001be5  __TI_auto_init_nobinit_nopinit
00001c29  __aeabi_uidiv                 
00001c29  __aeabi_uidivmod              
00001c69  SysCtlPeripheralEnable        
00001c9d  _c_int00_noargs               
00001cd1  ADCIntStatus                  
00001cff  __aeabi_i2d                   
00001d2d  GPIODirModeSet                
00001d59  ADCSequenceDataGet            
00001d77  GPIOPinTypeGPIOOutput         
00001d91  copysign                      
00001d91  copysignl                     
00001dab  ADCProcessorTrigger           
00001dc3  ADCSequenceEnable             
00001dd1  __TI_decompress_none          
00001ddf  ResetISR                      
00001deb  ADCIntClear                   
00001df5  __aeabi_errno_addr            
00001dfd  GPIOPinRead                   
00001e03  GPIOPinWrite                  
00001e09  SysCtlDelay                   
00001e0f  _system_pre_init              
00001e13  C$$EXIT                       
00001e13  abort                         
00001e80  __TI_Handler_Table_Base       
00001e88  __TI_CINIT_Base               
00001e88  __TI_Handler_Table_Limit      
00001e90  __TI_CINIT_Limit              
20000000  __stack                       
20000000  __start___llvm_prf_cnts       
20000000  __stop___llvm_prf_cnts        
20000200  __STACK_END                   
20000200  __STACK_TOP                   
20000200  errno                         
20000204  position                      
ffffffff  __TI_pprof_out_hndl           
ffffffff  __TI_prof_data_size           
ffffffff  __TI_prof_data_start          
ffffffff  __binit__                     
ffffffff  __c_args__                    
ffffffff  binit                         
UNDEFED   __mpu_init                    
UNDEFED   _system_post_cinit            

[83 symbols]
