******************************************************************************
                  TI ARM Linker PC v20.2.7                     
******************************************************************************
>> Linked Sun Jan 25 15:22:36 2026

OUTPUT FILE NAME:   <Lab1.2.out>
ENTRY POINT SYMBOL: "_c_int00_noargs"  address: 0000083d


MEMORY CONFIGURATION

         name            origin    length      used     unused   attr    fill
----------------------  --------  ---------  --------  --------  ----  --------
  FLASH                 00000000   00040000  00000922  0003f6de  R  X
  SRAM                  20000000   00008000  0000023c  00007dc4  RW X


SEGMENT ALLOCATION MAP

run origin  load origin   length   init length attrs members
----------  ----------- ---------- ----------- ----- -------
00000000    00000000    00000924   00000924    r-x
  00000000    00000000    0000026c   0000026c    r-- .intvecs
  0000026c    0000026c    000006a2   000006a2    r-x .text
  00000910    00000910    00000014   00000014    r-- .cinit
20000000    20000000    0000023c   00000000    rw-
  20000000    20000000    00000200   00000000    rw- .stack
  20000200    20000200    0000003c   00000000    rw- .bss


SECTION ALLOCATION MAP

 output                                  attributes/
section   page    origin      length       input sections
--------  ----  ----------  ----------   ----------------
.intvecs   0    00000000    0000026c     
                  00000000    0000026c     tm4c123gh6pm_startup_ccs.obj (.intvecs)

.text      0    0000026c    000006a2     
                  0000026c    000002f8     main.obj (.text)
                  00000564    0000016c     driverlib.lib : gpio.obj (.text:GPIOPadConfigSet)
                  000006d0    000000f4                   : sysctl.obj (.text:SysCtlClockSet)
                  000007c4    00000044     rtsv7M4_T_le_v4SPD16_eabi.lib : autoinit.c.obj (.text:__TI_auto_init_nobinit_nopinit:__TI_auto_init_nobinit_nopinit)
                  00000808    00000034     driverlib.lib : sysctl.obj (.text:SysCtlPeripheralEnable)
                  0000083c    00000034     rtsv7M4_T_le_v4SPD16_eabi.lib : boot_cortex_m.c.obj (.text:_c_int00_noargs:_c_int00_noargs)
                  00000870    0000002c     driverlib.lib : gpio.obj (.text:GPIODirModeSet)
                  0000089c    0000001c     rtsv7M4_T_le_v4SPD16_eabi.lib : copy_zero_init.c.obj (.text:decompress:ZI:__TI_zero_init_nomemset:__TI_zero_init_nomemset)
                  000008b8    0000001a     driverlib.lib : gpio.obj (.text:GPIOPinTypeGPIOOutput)
                  000008d2    00000016                   : gpio.obj (.text:GPIOPinTypeGPIOInput)
                  000008e8    0000000c     tm4c123gh6pm_startup_ccs.obj (.text)
                  000008f4    00000006     driverlib.lib : gpio.obj (.text:GPIOPinRead)
                  000008fa    00000006                   : gpio.obj (.text:GPIOPinWrite)
                  00000900    00000006                   : sysctl.obj (.text:SysCtlDelay)
                  00000906    00000004     rtsv7M4_T_le_v4SPD16_eabi.lib : pre_init.c.obj (.text:_system_pre_init)
                  0000090a    00000004                                   : exit.c.obj (.text:abort:abort)

.cinit     0    00000910    00000014     
                  00000910    00000008     (.cinit..bss.load) [load image, compression = zero_init]
                  00000918    00000004     (__TI_handler_table)
                  0000091c    00000008     (__TI_cinit_table)

.init_array 
*          0    00000000    00000000     UNINITIALIZED

.bss       0    20000200    0000003c     UNINITIALIZED
                  20000200    00000020     (.common:output_array)
                  20000220    00000008     (.common:input_array)
                  20000228    00000004     (.common:i)
                  2000022c    00000004     (.common:opcodeval)
                  20000230    00000004     (.common:opr1)
                  20000234    00000004     (.common:opr2)
                  20000238    00000004     (.common:opr_output)

.stack     0    20000000    00000200     UNINITIALIZED
                  20000000    00000004     rtsv7M4_T_le_v4SPD16_eabi.lib : boot_cortex_m.c.obj (.stack)
                  20000004    000001fc     --HOLE--

__llvm_prf_cnts 
*          0    20000000    00000000     UNINITIALIZED

MODULE SUMMARY

       Module                         code   ro data   rw data
       ------                         ----   -------   -------
    .\
       main.obj                       760    0         60     
       tm4c123gh6pm_startup_ccs.obj   12     620       0      
    +--+------------------------------+------+---------+---------+
       Total:                         772    620       60     
                                                              
    C:/ti/TivaWare_C_Series-2.2.0.295/driverlib/ccs/Debug/driverlib.lib
       gpio.obj                       468    0         0      
       sysctl.obj                     302    0         0      
    +--+------------------------------+------+---------+---------+
       Total:                         770    0         0      
                                                              
    C:\ti\ccs1250\ccs\tools\compiler\ti-cgt-arm_20.2.7.LTS\lib\rtsv7M4_T_le_v4SPD16_eabi.lib
       autoinit.c.obj                 68     0         0      
       boot_cortex_m.c.obj            52     0         0      
       copy_zero_init.c.obj           28     0         0      
       exit.c.obj                     4      0         0      
       pre_init.c.obj                 4      0         0      
    +--+------------------------------+------+---------+---------+
       Total:                         156    0         0      
                                                              
       Stack:                         0      0         512    
       Linker Generated:              0      20        0      
    +--+------------------------------+------+---------+---------+
       Grand Total:                   1698   640       572    


LINKER GENERATED COPY TABLES

__TI_cinit_table @ 0000091c records: 1, size/record: 8, table size: 8
	.bss: load addr=00000910, load size=00000008 bytes, run addr=20000200, run size=0000003c bytes, compression=zero_init


LINKER GENERATED HANDLER TABLE

__TI_handler_table @ 00000918 records: 1, size/record: 4, table size: 4
	index: 0, handler: __TI_zero_init


GLOBAL SYMBOLS: SORTED ALPHABETICALLY BY Name 

address   name                          
-------   ----                          
0000090b  C$$EXIT                       
00000871  GPIODirModeSet                
00000565  GPIOPadConfigSet              
000008f5  GPIOPinRead                   
000008d3  GPIOPinTypeGPIOInput          
000008b9  GPIOPinTypeGPIOOutput         
000008fb  GPIOPinWrite                  
000008e9  ResetISR                      
000006d1  SysCtlClockSet                
00000901  SysCtlDelay                   
00000809  SysCtlPeripheralEnable        
20000200  __STACK_END                   
00000200  __STACK_SIZE                  
20000200  __STACK_TOP                   
0000091c  __TI_CINIT_Base               
00000924  __TI_CINIT_Limit              
00000918  __TI_Handler_Table_Base       
0000091c  __TI_Handler_Table_Limit      
000007c5  __TI_auto_init_nobinit_nopinit
ffffffff  __TI_pprof_out_hndl           
ffffffff  __TI_prof_data_size           
ffffffff  __TI_prof_data_start          
00000000  __TI_static_base__            
0000089d  __TI_zero_init_nomemset       
ffffffff  __binit__                     
ffffffff  __c_args__                    
UNDEFED   __mpu_init                    
20000000  __stack                       
20000000  __start___llvm_prf_cnts       
20000000  __stop___llvm_prf_cnts        
0000083d  _c_int00_noargs               
UNDEFED   _system_post_cinit            
00000907  _system_pre_init              
0000090b  abort                         
ffffffff  binit                         
000004dd  delay                         
00000000  g_pfnVectors                  
00000473  hardware_init                 
20000228  i                             
20000220  input_array                   
0000026d  main                          
2000022c  opcodeval                     
20000230  opr1                          
20000234  opr2                          
20000238  opr_output                    
20000200  output_array                  


GLOBAL SYMBOLS: SORTED BY Symbol Address 

address   name                          
-------   ----                          
00000000  __TI_static_base__            
00000000  g_pfnVectors                  
00000200  __STACK_SIZE                  
0000026d  main                          
00000473  hardware_init                 
000004dd  delay                         
00000565  GPIOPadConfigSet              
000006d1  SysCtlClockSet                
000007c5  __TI_auto_init_nobinit_nopinit
00000809  SysCtlPeripheralEnable        
0000083d  _c_int00_noargs               
00000871  GPIODirModeSet                
0000089d  __TI_zero_init_nomemset       
000008b9  GPIOPinTypeGPIOOutput         
000008d3  GPIOPinTypeGPIOInput          
000008e9  ResetISR                      
000008f5  GPIOPinRead                   
000008fb  GPIOPinWrite                  
00000901  SysCtlDelay                   
00000907  _system_pre_init              
0000090b  C$$EXIT                       
0000090b  abort                         
00000918  __TI_Handler_Table_Base       
0000091c  __TI_CINIT_Base               
0000091c  __TI_Handler_Table_Limit      
00000924  __TI_CINIT_Limit              
20000000  __stack                       
20000000  __start___llvm_prf_cnts       
20000000  __stop___llvm_prf_cnts        
20000200  __STACK_END                   
20000200  __STACK_TOP                   
20000200  output_array                  
20000220  input_array                   
20000228  i                             
2000022c  opcodeval                     
20000230  opr1                          
20000234  opr2                          
20000238  opr_output                    
ffffffff  __TI_pprof_out_hndl           
ffffffff  __TI_prof_data_size           
ffffffff  __TI_prof_data_start          
ffffffff  __binit__                     
ffffffff  __c_args__                    
ffffffff  binit                         
UNDEFED   __mpu_init                    
UNDEFED   _system_post_cinit            

[46 symbols]
